Rumiñavi
Occidente
Sangay
Cozamaloa
Cuchiguara
Fedreman
Asistente
Meehoacan
Derby
Masteles
Tixtian
Guaraní
Nubbc
Vicuña
Peligioso
Cumbaso
Rosillo
Fourches
Vela
Llamelin
Pandabequcs
Indio
Ogechi
Bosques
Tételaxonotia
Pompón
Paulistas
Mizantla
Baraxas
Alcántara
Aponte
Cantanapalo
Akankia
Chagovamigon
Guancaveiica
Batiscan
Chcsterfíeld
Curuguato
Muy
Zumpango
Ossera
Habitación
Cochangara
Caraima
Tisingal
Guasapuino
Pari
Macanazos
Quito
Partidos
Cotica
Concara
Guananaquaes
Rumena
Aracay
Yanquitlan
Corregi
Sincholagua
Franciscos
Muxica
Rodríguez
Monscrrat
Espoir
Zaynla
Boriquen
Cautivos
Ssn
Ingré
Tumucuraque
New
Villaroel
Caño
Camama
Cuium
Hampihire
Cocomorachi
Jecudahue
Cubigies
Soetuno
Gefes
Biblioteca
Tropa
Caxabatang
Anvile
Massachussets
Meta
Otavalo
Maracaybp
Guarico
Fronteras
Monreal
Rodas
Guaneo
Thuansi
Pina
Tocuyo
Missi
Gefc
Conhavay
Tepexpan
Nazarenas
Fundy
Trexo
Sas
Paris
Ymataca
Canseau
Ccnobebo
Pue
Camosin
Caracol
Canadá
Guailas
B
Milicias
Catedrático
Boeufs
Vírgenes
Unáis
Alvaro
Artículos
Navitoos
Coatlan
Benito
Fcedifragos
Canónigos
Cuernabaca
Oüúano
Tente
Meridional
Valencia
Hurin
Astronómicas
Tlaola
Azuela
Lanzas
Calpi
Provine
Amboy
Mente
Coe
Canoa
Fairíax
Puelche
Janoaca
Abancay
Instituía
Panfilo
Beetle
Bondas
Indios
Chulchucani
Olea
Arteaga
Bocaneme
Ursua
Lozano
Rancagua
Baxos
Ghio
Conducta
Serna
Juntas
Saint
Calvert
Marameg
Sobrino
Azamor
Vieja
Sedeño
Tantoyuca
Caburi
Jacobo
Patrono
Paccha
Rioja
Lurin
Cabeccr
Villabermosa
Arantac
Tepcaca
Misteca
Cerra
Bouger
Zitlala
Durango
Oré
Tarapaca
Sombrerete
Toro
Rivero
Comapata
Basilio
Cojt
Islctas
Paz
Naval
Guaillabamba
Cachicamo
Guejocingo
Reyes
Buenaventura
Perj
Coras
Volcan
Lector
Neyba
Hossier
Inobú
Baños
Marie
Villacinda
Guapaix
Mamee
Oradores
Mantrati
Mayoc
Noyre
Z
Sapote
Turnebamba
Guachipa
Gaboto
Guauchinango
Liusiana
Castroverde
Burén
Rey
Bajo
Berbis
Black
Coeta
Yapizlaga
Puertor
Conceocion
Roche
Cerdeño
Monge
Corsarios
Dovvre
Pciroco
Esequibe
Chrístóba
Andrada
Acamon
Broquel
Moiobamba
Virginia
Toabre
Hercules
Xexuy
Labranza
Mechoa
Páranos
Piura
Huelva
Guangopolo
Hunuriaes
z
Puna
Mercadillo
Conquistas
Longoribo
Mazatan
Anadinva
Cotuche
Taquani
Spright
Angra
Marcellano
Ostotipaquillo
Vieslle
Blancos
Canongía
Rutuno
Macarulla
Puetla
Farallones
Eeee
Abives
Tortuga
Holanaeses
Atacama
Carrillo
E
Veaux
Bonao
Montero
Naeion
Chametlan
Conquistador
Baeza
Saldaña
Tasco
Sena
Eguille
Piloens
Marajo
Tello
Ballenas
Uam
Guarey
Valparayso
Cajones
Checras
Wabtichc
Canales
Á
Nunez
Guillelmi
Virey
Salomón
Adriano
Fábrica
Mena
Itata
Mari
Síndico
Coruña
Nadadores
Puertorico
Capuchinas
Altar
Brook
Emigdio
Chesterheld
Yamboya
Cui
Supacha
Amatiau
Suno
Bush
Compa
Autillos
Panzacola
Puriticacion
Toquistineses
Bodiguas
Charcana
Exercitantes
Socio
Chanchamaiu
Bueno
Cavalgata
Lima
Coquimbo
Quíspicanchi
Choromoros
Lardizaval
Puren
Chunchos
Aznacolca
Gales
Iludson
Jesús
San
Amortajado
Masacfauséts
Pilar
Audiencia
Parayba
Sol
Vclasco
Prciidente
Palmas
Cuevas
Pachachaca
Tepeguana
Oiapoco
Edenton
Cocta
Meclioacan
Capitanías
Puebla
Peregrino
Cabe
Predicador
Mina
Lipes
Xalcomulco
Palenque
Chiriqui
Matogrosc
Osorno
Andes
Centellas
Colinas
Chunche
Drago
Oro
Yurua
Ibarra
Saguanmachicá
Cervantes
Chambirá
Cupira
Fspaña
Cheraquis
Goaierno
Bejucos
Humphry
Alcalde
Badillo
Goatemaía
Cagigal
Antropófagos
Chiquinquira
Lucía
Marqués
Ignacio
Chichas
Honduras
Corentin
Pernair
Tesorero
Gil
Paucura
Godos
Mompox
Faro
Universo
Malucas
Redentor
Azpeitia
Soto
Calaman
Misionero
Chota
Sencré
Chati
Lonja
Pachacamac
Saratoga
Chimo
Roterdam
Corck
Plata
Totolotalco
Paucarbamba
Trinité
Yañez
Cumbassá
Pinzándaro
Fortaleza
Malvinas
Brasil
U
Hubierna
Individuos
Postulador
Macuri
Jadquin
Sao
Alexandro
Balala
Habana
Zipa
Micani
Charala
Velasco
Barrio
Mamelucos
Confluente
Luisiania
Tamberia
Coatcpec
Mezquital
Betanzos
Caxitlan
Sanz
Tlapacoya
Guarda
Callisecas
Lipari
Regulares
Uré
Indirs
Golf
Canes
Piedad
Proministro
Prado
Goyas
Esquivel
Totontepec
Arias
Tier
Idolatría
Yazigua
Llautan
Marti
Bizarron
Sion
Nemocon
Fíudson
Tucupu
Alausi
Rancho
Chinatos
Lord
Pimeria
Torrealta
Heremite
Aquismon
Hiaqui
Minayo
Partido
Díaz
Azad
Farallón
Ospina
Pomacocha
Acosta
Recluta
Bucaniers
Quixos
Gentil
Candado
Cumayaris
Ynca
Pygvvaket
Inambary
Cara
Gairá
Sanio
Extremadura
Caicos
Olancho
Faxardo
Joanes
Robledo
Yquen
R
Zoyaltepec
Barranco
Curatos
Palos
Hábito
Zacatlan
Micer
Collay
Lircas
Grenville
Macuacuari
Iglesio
Buria
Azotzi
Feligresía
Rumulhue
Zarbe
Agreda
Salivas
Maiguatida
Tianorte
Christo
Santistevan
Chktlan
Viüa
Nasas
Humada
Qaariana
Pequeri
F
Amargoso
Macará
Cuto
Chunchilca
Totavunancha
Moro
Mapoyes
Cozamaloapan
Septiembre
Cajamarca
Damián
Tundama
Fabon
Puno
Saxapahavv
Bárbara
Maravvini
Labrador
Miracaibo
Felipel
Cannes
Peritoes
Codrington
Lemos
Frió
Virgen
Oficial
Comuta
Caridad
Piraguas
Toromas
Bucks
Guanapú
Tétela
Lusiana
Cozco
Cachupines
Huavtla
Extre
Población
Ülloa
Pascagoula
Lanchero
Cata
Carme
Elechosa
Yauyos
Puertezuelo
Piguena
Fuerza
Azuaga
Tunguragua
Océano
Huantajaya
Chillo
Yala
Oiba
Biigorri
Pottel
Inaguana
Cataluña
Flibustiers
Raches
Ancobamba
Arahuav
Huachi
Cala
Marsowin
Parinacocha
Tcrranova
Coyaima
Nopaluca
Intinuyo
Missisipi
Ailes
Pachas
Cariaco
r
Tecocuilco
Montserrat
Serena
Purase
Mazarroni
Difinidor
Manta
Miamis
Salado
Yallah
Tontones
Arrecifes
Acamuchitlan
Ilheos
Falmouth
Monserrate
Tchicacha
Paulo
Teocuilco
Coronel
Figueredo
Cuchigaras
Montejo
Yberia
Sentipac
Suerte
Lucun
Briceño
Paranapitinga
Albania
Chimu
Eustaquio
Ures
Ralemo
Gibecera
Chicapa
Budi
Cacalotepequc
Recoletos
Comandante
Arrabal
Bezani
Cosaibo
Academia
Pastara
Levantados
Xochimil
Miskouaikane
Flota
Asia
Costarrica
Angostura
Neri
López
Cementerio
Fusagasugá
Teología
Milicianos
Ostandekert
Gómez
Coaza
Amayapampa
Bellavista
Ccc
Noanama
Pintac
Juan
Vizcondes
Boieraco
Tambos
Borrachos
Cinalóa
Huamachuco
Huanuco
Sangre
Ú
Quesada
Alcalá
Labrada
Mollebamba
Vacas
Atacarnes
Sowhcgan
Azcona
Duck
Recoletas
Nexapa
Villalta
ú
Carangas
Gamote
Monjas
Dunkerque
Zanguio
Maule
Coyame
Cri
Nirúa
Reliquias
Estremadura
Semigaes
Zozocolco
Sotavento
Echevers
Pueb
Gongor
Extinguida
Parimé
Pastelillo
Agustinas
Amarumayo
Piramidales
Calca
Laquiaca
Xonacatepec
Gallion
Yaguarsongo
Reme
Bray
Pávila
Andahuailas
Cuplicos
Portovelo
Sáíiz
Yaperaes
Badrc
Correr
Iris
Luhkm
Sonora
Sacramentos
Septentrionales
Citará
Clarendon
Chisca
Sulia
Maraques
Marecouin
Perote
Duna
Giros
Tlaxcala
Cunuris
Carrizal
Mojos
Calien
Borma
Nicoya
Gualeguay
Balsas
Coáguila
Haven
Jttagal
Sapian
Bor
Mexiícaltzingc
Morgan
Needham
Cronista
Cuyum
Biczmet
Cnmberland
Yunquilla
Rosignol
Acres
Guipúzcoa
Ciudad
Marta
Albarracin
Condorilk
Roque
Agualuko
Chancas
Grands
Sandoval
Severn
Loreto
Tarata
Barcellos
Pueble
Enseñanza
Colegios
Cabezeras
Báhb
Campeche
Sommet
Rodlas
Soraica
Lampa
Cuiumo
Provinciay
Capitin
Bernaldes
Pacajes
Besani
Palestina
Potrero
Canabata
Zupay
Ilhcos
Corsario
Mozo
Tiene
Ucuntaya
Caillon
Caviusari
Isl
Ñapóles
y
Cordero
Quarto
Cerdeña
Atabiilos
Perú
Órdenes
Cumaní
Meridionales
Ingenieros
Puruma
Vallejuelo
Pompatao
Mauricio
Corcobado
Suchahuaca
Bastidas
Comerciantes
Cainaná
Quita
Puertoseguro
Jaimes
Iosmontes
Camino
Río
Taumaturgo
Cañizares
Estío
Sarare
Peredo
Jacunda
Nicolás
Texpatlan
Aranda
Canaria
Haciendas
Mercedes
Caleta
Aruí
Gamalotal
Palandx
Austral
Sábados
Rioxa
Lerena
Guachi
Covento
Palma
Anguila
Yaqui
Huailanto
Paeblo
Jorge
Guiriri
Lagos
Conchos
Pelissipi
Vireyes
Moatejo
Habrá
Bomba
Curso
Urbina
Axixique
Cumapi
Huaro
Balbaneda
Oaya
Cochabambas
Frontera
Presentación
Montqo
Fritz
Iosbosques
Estepa
Elector
Magueyes
Pelavvar
Lambaycque
Masques
Nanay
Locos
Horizonte
Couper
Mataray
Poico
Mauro
Miño
Condesuvos
Morcóte
Parcuipasa
Massacre
Ohio
Junio
Ciencias
Mines
Niñas
Litle
Carupano
Usategui
Coíta
Padrón
Paucartambo
Sombrero
Pereyras
Seneré
Cabeza
Cascas
Bahia
Irumpo
Anselmo
Naos
Cristóval
Monarca
Amezaga
Olaga
Terraza
Chocolococha
Mon
Arcediano
Raya
Suchitepecv
Bolonia
Areyuctuquen
Itazú
Montaña
Ostimuri
Beaterío
Del
Deseada
Buda
Calamari
Calabaza
Perros
Mbotctey
Stoughton
Tribunales
Madocro
Yanaguanca
Mercenarios
Caylloma
Irlandeses
Villarubia
Machangara
Betoyes
Tapuyes
Pijaos
Atlistac
Vaza
Ciudades
Vertiz
Seatari
Andamarca
Nace
Segura
Fromesta
Chacras
Beatificación
Libón
Hudson
Becas
Mamoré
Rio
Spira
Ath
Tecpatitlan
Yxteapan
York
Chichimecas
Poguatanquaton
Sirugipá
Buebos
Mextitlan
Santísima
Religión
Andahua
Nirua
Monges
Tame
Vivero
Tuira
Ladrillo
Casa
Magda
Guarpcs
Yetla
Mar
Chuapo
Christobal
Salas
Sayales
Balboa
Novo
Dulce
Paraguana
Ipane
Mexilcaltzingo
Sandoski
Platanal
Arica
Tequiszitlan
Casanare
Valero
Playa
Aymaraez
Tarma
Capricornio
Francisco
Oulamanti
Guepe
Recopilación
Maripava
Pomasque
Caquctá
Atitalaquia
Colotlán
Aguatulco
Cherakees
Lin
Vilches
Tehuantepec
Jamunda
Solfatara
Matina
Roanoke
Yucaru
Ocuituco
Pizarros
Chau
Nuevas
Leda
Islotes
Goazacoalco
d
Chiuloaya
Alibamones
Xagua
Salvatierra
Abancai
Cotoche
Guisando
Guasqui
Tequistlan
Copacavana
Gamboa
Unquizia
Guancavélica
Ontario
Xibaros
Marcelo
Pasage
Montañeses
Nuble
Poblaciones
Oriental
Iva
Picoler
Zacatepeques
Lago
Aguado
Bracamoros
Charcas
Currotuck
Camboya
Nuñez
Chaguaramas
Luisa
Mérida
Oculma
Alvarado
Baluartes
Nen
Seminario
Argandoña
Articulo
Cauquenes
Tapados
Quispicanchi
Marañan
Huamanga
Grijalba
Príncipe
Oruro
Annacous
Góngora
Inés
Omiguas
Guamaciiuco
Sosa
Escandon
Hatibonico
Agramont
Moral
Monclova
Imprenta
Fortalezas
Yaraqui
Esequevo
Briza
Digesto
Parlamento
Quillobamba
Huayaneco
Porado
Cajatambo
Álboapioni
Coyairna
Xicayan
Calatravá
Custodio
Arévalo
Promontorio
Sumachuanes
Corredores
Entrada
Velha
Sambro
Topia
Pontchartrain
África
Código
Cibao
Lasipagotes
Conchita
Noodle
Baloas
Valladoüd
Trinidad
Vacarima
Cunuries
Lora
Maraóon
Stirling
Cedro
Charles
Angaraez
Comayagua
Templo
Akansas
Cuau
Isieta
Feyno
Tttt
Dumerosa
Estandarte
Xareyes
Moxos
Barco
Philipeau
Brigadier
Tota
Potan
Alcedo
Maquegua
Aguastelas
Buono
Ivarepices
Yocare
Ovando
Mandones
Filadelfia
Micos
Presidente
Jeremías
Marzo
Lignum
Arechona
Flamencos
Fresnos
Yaguache
Ambaná
Tipan
Reginaldo
Vülamusar
Guanuco
Ixtepexi
Pucblecillo
Aguilera
Reyna
Tacuba
Llucin
Gerónimo
Oriza
Mandinga
Chi
Fidalgo
Guazo
Casma
Pedrarias
Aracoa
Versalles
Pirámides
Bobonasa
Toluca
Rej
Chiribogas
Hospitales
Chumbivilcas
Huachacalla
Panamá
Sahante
California
Kourrou
Arantzan
Mages
Rom
Pardo
Colina
Holandés
Ratones
k
Metropolitana
Villalobos
Noroña
Frederie
Villacorta
Pequima
Nuñoa
Ocabamba
Choler
Chico
Tlalchico
Bonifacio
Michillimakinac
Tolpan
Corobana
Telliquo
Sangallo
Cubagua
Cucrnavaca
Siachoque
Ppp
Queretaro
Matagalpa
Inquisición
Achagua
Américo
Tlaxomulco
Tibutana
Rentería
Paraviñanas
Moncíova
Aguada
Higuerillas
Cajtrovireyna
Maxano
Halifax
Mmmra
Crucifixo
Mistick
Chinapa
Matogroso
Mongo
Calcamayo
Bacuachí
Maraño
Villacanota
Capitanes
Soñera
Asley
Bahías
Latanniers
Mártyr
Papaloapan
Texopilco
Vilcabamba
Chincheros
Ordoñez
Miranda
Canches
Xochimiko
Escritura
Flitusúers
j
Tolú
e
Tirahá
Melchor
Cravo
Pedregal
Basse
Vicarios
Tacunga
Cunace
Depositario
Cauten
Cumberland
Fort
Zuitepec
Sebasos
Biamonte
Alemán
Hoandescs
Patucket
Monteverde
Conocoto
Ancuteres
Catabahú
Tocazo
Almudena
Cocorín
Colector
Villamisar
Clf
Maracaibo
Satovis
Grandes
Granero
Little
Sipatuba
Tlacotepec
Corregí
Marilaud
Urpin
Zauüa
Manuel
Llamado
Pamticoe
Rafael
Uruguai
Rozas
Rocher
Pinzón
Doctor
Empe
Methigamis
Naciones
Zacapúla
Carbet
Braganza
Orituco
Predicadores
Uribe
Chao
Chiametla
Capellanes
Riobamba
Parí
Pacarán
Cocona
Chilapa
Oravia
Estero
Moreno
Ocios
Tuspa
Titicaca
Lis
Zkibijoa
Eza
Navarra
Navarrete
Léeos
Paii
Caballa
Nicaragua
Matanzas
Villegas
Guana
Imbau
Septentrional
Camaraibi
Chinan
Consejo
Chirgua
Andonaegui
Turibuno
Copiapo
Falkland
Numballa
Ñipe
Martinez
Comendador
Dondon
Roamainas
Locke
Plazas
Marins
Plaisance
Parcelona
Gonzalo
Guatanay
Challana
Jurisdicción
Magdalena
Baldía
Longomiila
Ocampo
Opositor
Villalar
Gaüfornia
Umamarca
Verde
Cayena
Noadan
Ingleses
Rhode
Cosmógrafo
Diputado
Gregorio
Sagrario
Meridiana
Águila
Severino
Taburon
Matriz
Tenerife
Venerable
Ipava
Autor
Huaina
Contocook
Trópico
Bonaire
Conedagvanet
Metepéc
Girón
Acobamba
Alcatraces
Noviciado
Placer
N
Housatonick
Carapana
Quilimari
Pinola
Montreal
Ubaque
Asun
Senamboca
Lucia
Guaxayaca
Savanilla
Cumbal
Yungay
Nuisi
Colorado
Baraza
Padinco
Dominica
Almadrabas
Huaytecas
Aloes
Angola
Pastos
Filade
Chiquianas
Parin
Sarcelles
Ayum
Linea
Mes
Tululvi
Mulatos
Quiaca
Pirang
Pergiucas
Sence
Sacapa
Sirca
Director
Leyes
Par
Parime
Chala
Pobatini
Vergel
Sargento
Cuernavaca
Hebreos
Romitorio
Upiens
Ashley
Achacache
Puertecillo
Mischispi
Oña
Cristoval
Potuvvmak
Terr
Temblores
Fiscal
Almendralejo
Plantación
Guanipá
Chaparra
Luiná
Xareves
Trois
Ojiíbon
Chillan
Cerinza
Caxacay
Blanca
Mauli
Misigagues
Cordiiiera
Guangapolo
Almaraez
Xamiitepec
Pasuchua
Challapata
Lonia
Parimoes
Colonche
Lamego
Capitanejo
Antequera
Datan
Nuera
Cuiloto
Zultepéc
Ermitas
Yauca
Ruiseñores
Historia
Mesquites
Olid
Pueblecillo
Pequeño
Tacungadel
Mato
Pequeña
Putunuaucasi
Montes
Puruandiro
Paytilla
Pelavvare
Yacume
Golfete
Kueva
Epit
Hamaca
Olinalá
Salta
Filipinas
Quendi
Toqvil
Elenisa
Tour
Sarayacu
Condensuyos
Braintree
Nombre
Funes
Segovia
Keiba
Potcl
Chiriguanos
Lancaster
Capac
Toliman
Castillos
Eduardo
Huanta
Tequepexpa
Lauricocha
Ovachas
Como
Eslava
Ooispado
Dolores
Calle
Kenelm
Elorza
Copper
Guanacebi
Inspector
Guatapori
Baronías
Cuellar
Chuquabo
Ocumara
Castro
Quinchias
Ecazingo
Fogones
Ero
Llanos
Sobremonte
Divina
Tenantitlan
Mezcal
Anavillana
Maraca
Tacsora
Coronango
Sola
Chumulco
Tepique
Tepequana
Zopilotes
Príncipes
Bellaca
Chayanta
Laris
Talarrubias
Sego
Pirapiti
Village
Cenare
Vice
Poromonas
Iluarochiri
Granville
Guaticas
Tahogale
Sonlahove
Chinos
Pantepec
Hueque
Naupan
Ostimur
Caziques
Compañías
Muño
Cascabeles
Paccho
Inginas
Urcos
Yaguara
Órnate
Agiqua
Surinám
Barbacoas
Eremita
Moqui
Otra
Espíritu
Pachini
Sombreros
Estrada
Ncxapa
Bohón
Octubre
Chima
Historiadores
Guampas
Malebueyes
Longomilla
Pío
Cun
Oaxaca
Provineia
Venecia
Pativilca
Mayos
Rimac
Pinotepa
Guarani
Chiuchiu
Visitador
Canas
Sacerdote
Españolas
Amapaes
Samaypa
Cocentayna
Magnin
Cocmonomas
Confesor
Estrechura
Cruces
Latacunga
Verano
Mussisipi
Clerecía
Tecoantepec
Surata
Tlatixeoya
Santidad
Collahuas
Guaduas
Batallón
Gue
Pclayo
Sale
Quimixtlan
Tiflón
Tinaja
Perija
Espeleta
Chupadlos
Rivera
Ocuila
Huchuetlan
Xala
Toledo
Murcia
Provinca
Jochimilco
Manciche
Penipe
Chiametlan
Turicato
Mulahaló
Aicos
Uruapan
Cirandaro
Coatecos
Zapotitlan
Gran
Paraiba
Selem
Cholona
Tampolomon
Inojuelo
Ilha
Mateo
ñ
Granada
Puebio
Erié
Yauri
Equinocciales
Peregrina
Apute
Infantes
Puer
Guamachuco
Poeta
Parien
Nebros
Petcrs
Santuario
Dignidades
Abipones
Sigüenza
Murga
Buenos
Arvari
Rabel
Cuyotepeque
Europe
Corregimientos
Milicia
Chispa
Mueva
Eclesiástico
Olandeses
Siguenza
Apolabamba
Socorro
Arrecibo
Península
Posesión
Montoya
Johnson
Pocoata
Combará
Xacona
Fomente
Dionisio
Idiat
Huarochiri
Pantego
Rochela
Tunxa
Yxtepexi
Aullagas
Cuidad
Cuzamel
Acaponeta
Mestizos
Kent
Rawleigh
Linda
Sagra
Banco
Superior
Guarabi
Ambalema
Tegoantepec
Hondo
Flandts
Tulanzingo
Barlovento
Tordelaguna
Llapo
Espina
Ixlahuacán
Movila
Tetelzingo
Caroni
Tari
Monte
Nansemond
Návia
Cupiu
Duino
Diablo
Alfinguer
Rosa
Mondoñedo
Vüi
Maiñas
Penobscot
Lucena
Caballos
Caxainarquilla
Misiones
Padre
Paeces
Aguja
Iluaillati
Pampas
Laracota
Orozco
Turbaco
Ulloa
Llano
Grana
Leonor
Tupinambos
Quillu
Carasa
o
Proba
Sevvi
Betlemitas
Chaves
Omaguas
Carambava
Pucbio
Esteñoz
República
Claro
Chalvanca
Laimes
Plaza
Cabczera
Perle
Xicula
Pilcomavo
Neveri
Topinambaranas
Orinoco
Mosina
Vetancur
Fronterizos
Gobierne
Princesa
Guamanga
Potosí
Nmva
Popantla
Guarapíche
Peñascos
Artillería
Chorrillo
Icaldía
Tapú
Pimampiro
Palafox
Fidelísima
Tapacures
Caleback
Jaque
Jacund
Creék
Summers
Religiosos
Tecolctlan
Baffin
Guane
Stuardo
Amatlán
Samiago
Bridgetown
Ddd
Poveda
Inglesas
Asamblea
Busongote
Salinas
Xauxa
Mayordomo
n
Philipeaux
Caxa
Nare
Temascaltepec
Playas
Chugod
Bueran
Turotetama
Portaceli
Cura
Barcelona
Huapay
Crimen
Tucüman
Earcelona
Buenavista
Feria
Magallanes
Sisal
Chrisostomo
Barros
Zamborondon
Zapatlan
Tinguiririca
Baal
Paraíso
Fcrol
Roca
Pucará
Ocros
Cárabes
Bariquisimeto
Punta
Boica
Negre
Poniente
Tercero
Carcarañal
Pilcomayu
Primero
Primogénito
Andaquies
Ysland
Llanura
Tucuman
Chileno
Morin
Recogidas
Aytitlan
Tacaibamba
Nolasco
Avila
Arcas
Pacora
Amaqueca
Figueroa
Bois
Liscomb
Simancas
Artillas
Mollobamba
Almacenes
Invenit
Parami
Armendariz
Plerrnida
Asángaro
Pizarro
Guadix
Onda
Capita
Pais
Carta
Mames
Barra
Guaranda
Alentejo
Guanutil
Caracas
Febrero
Pedáneos
Ensenadas
Coranes
Francesa
Tenamaztlani
Ildefonso
Maracaybo
Claros
Zimiti
Ivari
Paso
Balsa
Duques
Palacios
Silan
Asphalto
Gonzanama
Portales
Tigres
Cotabamba
Femando
Velas
Vilcomayo
Sabanilla
Lunemburg
Misioneros
Achaguasy
Carabelle
Porco
Pasimoni
León
Malaguas
Angeles
Yaquimo
Saladillo
Eguilúz
Ortíz
Zacrezazipa
Yana
Pando
Otalluc
Benedicto
S
Sarmiento
Tratado
Cenón
Tapia
Para
Peritú
Tisono
Sangolaco
Visita
Y
Lázaro
Icupa
Chevelure
Candía
Cupayan
Pen
Desparramadero
Caribaco
Olano
Palus
Anee
Quininay
Cátedra
Criollos
Abril
Lujan
Moquehua
Yaguapiri
Cicayuri
Caleras
Tangascucal
Vülalta
Copia
Isle
Guardias
Condestable
Othomies
Pulpito
Letrado
Purrisburg
Ciboo
Chagre
Nogales
Guayana
Cacha
Angamarca
For
Mechoacan
Santee
Crespo
Rans
Catamarca
Schoharie
Huitepec
Bitrian
Querobamba
Pacheco
Capellán
Ochonache
Procuradores
Patovvmack
Guayaquil
Oso
Sinipá
Arapa
Aysuarcs
Charazani
Chimborazo
Colonia
Mercado
Chamaca
Choquecamata
Pueblos
Romería
Mataguayos
Congari
Tíoloma
Apalachicola
Meteta
Orizava
Giraumont
Convenios
Nuflo
Ocoa
Agna
Guanajo
Condoroma
Guarobin
Jubileo
Reynos
Zapopan
Cabezas
Cabana
Calancha
Portorico
Sonda
Chumbilla
Cánones
Oüispado
Carlosama
Igau
Ncon
Pucaré
I
Trias
Caciques
Fuquene
Bohorques
Franges
Manzanedo
Remedios
Órdeit
Corregidor
Lcbo
Pcrú
Zochicoatlan
Paraguay
Pamploni
Arevalo
Escudo
Alaminos
Chuquibamba
Lagartos
Bainet
Huáscar
Henares
Roxo
Xoxutlay
Huamanguilla
Xingú
Curico
Teutit
Tuzcacuesco
Chalhuahuacho
Texupilco
Chicas
Difuntos
Amotage
Toga
Xacapistla
Tasay
Ouito
Petaguey
Inojuclo
Infontcs
Chixila
Cari
Atitlan
Mataguaida
Acomayo
Diez
Shenininghfbrt
Doce
Almoguera
Cuquimpi
Cuilapa
Carmen
Auñon
Torcía
Abide
Loa
Canonización
Roxó
Cadena
Lia
Gameza
Langosta
Caiho
Tlaxclala
Canta
Conversión
Mixto
Guajuapa
Araucanos
Liman
Yaos
Ebora
Binas
Vargas
Pomabamba
Crike
Yanac
Sarricolea
Coautla
Marañen
Guaya
Capital
Oñez
Atrato
Isia
Boreal
v
X
Cong
Aguaricu
Colono
Olinda
Xerez
Orinoeo
Bretaña
Negros
Chalapa
Coatepec
Mapaztlan
Goare
Rinocote
Chápala
Outardes
Alchipichi
Jacinto
Ipau
Enfado
Q
Dic
Tayacaja
Mavo
Pasto
Ramírez
Limoneros
Curaseni
Empleo
Valie
Herbes
w
Festividades
Santíao
Cassipa
Cairo
Tora
Asangaro
Pajonal
Chama
Potonchán
Sapona
Vilcashuaman
Delaware
Extinguidos
Posesiones
Hermandad
Pelechuco
Cutini
Metepeque
Obitpo
Zuloaga
Tezcoco
Tayc
Yaruba
Villano
Tacuragua
Misa
Chiscas
Barquisimeto
Atavillos
Oruña
Gamalote
Madre
Ixtlahuaca
Valdés
Gatun
Eparagois
Tatave
Aimaraez
Mazatepec
Walter
Collaos
Micas
Ynambari
Corneliana
Corvcda
Cruzada
Imán
Cuman
Catarina
Vecinos
Vísperas
Zapo
Nambacasa
Matlazahua
Carenas
Unare
Tamazunchaíe
Hacas
Sania
Maluinas
Nevvfundland
Yanuncay
Florida
Fresnillo
Queretano
Desierto
Maxaltepec
Burgados
Villagomez
Arous
Tetas
Conquista
Lares
Nazareth
Sara
Asuay
Mesle
Queyapi
Chitareros
Académicos
Uquitoa
Xonotla
Percipe
Tcpalcatepec
Cuerpos
Canciller
Compañía
Ángulo
Jocobo
Guadalcazar
Narvaez
Mextitlán
Roques
Nechi
Almirante
Ávila
Tatasi
Correa
Hospital
Crique
Brevvster
Corella
Luna
Cbllahuas
Chisgas
Cunivos
Rupert
Zacapula
Andiade
Padres
Tapo
Yaus
Ylheos
Eccles
Guarin
Susquihanna
Ximcnez
Quishuares
Regalía
Sebastian
Cuche
Pacaxa
Huamaíies
May
Altotonga
Visitadores
Constancia
Itocó
Hernán
Lore
Colla
Mayre
Texas
Cabezón
Poblador
Orden
Matacumbe
Portugués
Tucuyo
Buenavis
Areco
Jeffreis
Magallánicas
Pomallacta
Canoas
Cavilan
Pampticoe
Ameca
Canapia
Conecticuit
Bergantín
Yetes
Guaira
Ayabaca
Mercaderes
Kenebéc
Palmito
Tabascoque
Mineros
Agujero
Cáceres
Gusmagis
Herrera
Saavedra
Zoques
Jgnotum
France
Raisin
Montuosa
Sevcrn
Patia
Guajayaca
Gobiern
Flores
Goachigoayan
Neiv
Cocomas
Pueblecitos
Cundinamarca
Ebelino
Escocia
Términos
Apurimac
Huerari
Sogamoso
Chicamocha
Margot
Condado
Mendo
Guispicanchi
Burburata
Chía
Propios
Quinquina
Apóstol
Suffolck
Pungaíá
Larache
Huaicho
Vizconde
Chancay
Morlacos
Correpimiento
Serranía
Tunuyan
Gobierno
Nue
Llanuras
Marañon
Matar
Chanaes
P
Coutinent
Armendáriz
Guejozingo
Terremoto
Tepcguana
Quiro
Hamsphire
Pati
Pataz
Repocura
Ríos
Petite
Salcedo
Saboya
Luisiana
Manso
Amancay
Coctaws
Guasca
Pernambuco
Guadalque
Maligne
Guayacocotia
Arguinao
Pancrasio
Gobier
Tuxth
b
Hechojoa
Elguezaga
Cuquio
Cauoa
Miraflores
Í
Ubate
Perucho
Suarez
Samaca
Mexicano
Ayaviries
Oapan
Ramstchaia
Caballeros
Patronato
Provincial
Umachulco
Carabaya
Sufragáneo
Colegas
Tejas
Temíscaming
Chetu
Cabecc
Ocaña
Canahoqué
Quaresma
Baracoa
Costarica
Coaguila
Leal
Sabald
Paraguas
Prior
Charlesforr
Curú
Mulato
Palenques
Jazegua
Geógrafos
Caudillo
Huañupisa
Patipe
Gobernadores
Aldeas
Gozier
Mangas
Resurrección
Licapa
Cochabamba
Cinaruco
Soritor
Negro
Zepeda
Zultepec
Lor
Duran
Tútlu
Saravia
Paricn
Jesuítas
Mcirá
Honda
Pinos
Católicos
Muktos
Oyapoco
Nejapa
Falaiseyel
Luis
Tiripitio
Magistral
Compostela
Obispado
Supias
Pintado
Julio
Talayera
Taximara
Manati
Sotelo
Convc
Copenague
Aresti
Cali
Caribes
Cabeceras
Talbot
Guamaiies
Mexía
Porsobre
Naphta
Gramática
Desespoir
Arispo
Ccpazos
Andaray
Apure
Ouixos
Naturales
Capítulos
Arma
Chaco
Pennycoock
Texmelucan
a
Paucarcolla
Mosquitos
Tuyú
Pepeta
Jujuy
Perene
Magallanicas
Chartrain
Guasuntos
Jeribocas
Betletmitas
Arenas
Imato
Solís
Guacaruguay
Rosarios
Mércalo
Conhaway
Goatemala
Caruguampú
Línea
Piedra
Rapayan
Tecoriona
Tocaima
Zedales
Chancai
Villarica
Ipapuisas
Maracavbo
Acayuca
Por
Colcura
Ixmiquiípán
Lulunta
Yubal
Chesapeack
Arzobispado
Tumbaco
Prebenda
Belle
Pitic
Aporoma
Damas
Paztepec
Pera
Veraguas
Vigia
Boca
Cavanillas
Olmedo
Perquilabquien
Virreynato
Caballero
Nnn
Dávila
Maestre
Pontifical
Rincón
Penitencia
Shawano
Mestizo
Ostras
Fuertes
Ciranhaya
Antojo
Ambato
Montroni
Pensilvánia
Guatulco
Aitotonca
Bucareli
Isleta
V
Pauxis
Sagrados
Dunatil
González
America
Cotopaxi
Vilcas
Huipuxtla
Baraquigua
Coimbra
Cumanaes
Antilies
Cielo
Tierraf
Muitacu
Medrano
Corrientes
Georgia
Acoria
Wadmoolaw
Cedar
Señora
Ecors
Barranca
Preto
Chicachas
Clissonossea
Canela
Golfo
Uzogoche
Siwanscut
Mogoles
Bellin
Seivec
Arena
Mazariegos
Saladar
Magistrado
Decreto
Cayo
Groelandia
Herboso
Magallaues
Dan
Huancabamba
Perdomo
Pira
Arroyo
Chantre
Mayo
Lavadero
Babama
Laxa
Iglesias
Dun
Cucaña
Purasicas
Tezayuca
Arahuay
Panataguas
Merida
Morillo
Chicamá
Indos
Couvo
Ovadeba
Lorenzo
Guadalabquen
Lodo
Pileta
Cosíta
Curituba
Tapacari
Zavala
Barque
Irala
Savannach
Sancho
Cuscatlan
Chire
Pachaconas
Yauyaugani
Sucumbios
Cayco
Colorada
Occidental
Fuchuela
Tombal
Morales
Cowper
Caspiyacu
Hlihh
Nizao
Cabezera
Tambillo
Alta
Guabay
Ggg
Ordiñola
Minas
Cuchivara
Colonos
Ramón
Rangel
Jauja
Paralelos
Quinterón
Escobar
Mesquital
Pacages
Pillachiquir
Las
Sabandija
Estrellas
Marina
Granaderos
Cristóva
Villanueva
Cuicatlan
Chanque
Balisa
Tasagua
Barata
Velazquez
Papres
Sierras
Ulúa
Veracruz
Provincias
Cherokee
Cartaxena
Frias
Clemente
Paiscs
Guanajuato
Pias
Pitajaia
Primeria
Carguairaso
Torres
Encomienda
Chuvakansty
Lords
Calahorra
Ceuta
Annapolis
Latitud
Soras
Navarro
Sable
Chamicuros
Tunja
Piquiri
Isabelica
Ararapiza
Alto
Renayco
Chayantacas
Demonio
Establecimiento
Aman
Veragua
Bauruma
Estados
Belethmitas
Septentrión
Pentecostés
Chimenes
Combayá
Aprovague
Septentrio
Angol
Azuchitlan
Bra
Paute
Palmeras
Monserrat
Zacatula
Betancúr
Ubila
Caballería
Cumaná
Siguate
Cañas
Bubierca
Intendente
Piratas
Oco
Angoyaco
Curitaba
Cuchibara
Pont
Guardian
Tacabamba
Silva
Caram
Deaií
Fuenclara
Salina
Guachipas
Rcsa
Changos
Española
Camaratuba
Maynard
Treinta
Varaca
Guache
Tucapel
Ierre
Mínimos
Inuris
Chinchasuyu
Maurepas
Huasca
Catoa
Chiriguanes
Azúa
Yetau
Limnry
Ribera
Oficiales
Atoguia
Castillo
Namurete
Tonanchin
Fray
Saeta
Tiririco
Tancitaro
Wateri
Zapote
Olintla
Forjvvar
Lencaster
Ilícito
Pistolet
Césares
Camindes
Marruecos
Belleisle
Arequipay
Boston
Mechoacanj
Baliza
Tacazuruma
Examinador
Villafuerte
Paramos
Iliaqui
Marüandc
Hhhh
Misericordia
Holguin
Lusya
Imagen
Surinam
Brito
Seara
Guadalupe
Saltillo
Sacerdotes
Acantepéc
Canot
Uruguay
Burlington
Galera
Rosario
Virginea
Varatojo
Genoves
Santiago
Santísimo
Apari
Polo
Ucayale
Becerra
Encabellados
Sede
Guanico
Dragones
Estevan
Atlán
Iua
Contador
Corregim
Francés
Anciso
Butolomé
Lodos
Paraná
Pisque
Comisario
Caxama
Tambur
Totoral
Campanchin
Antón
Castors
Izucar
Cuma
Gale
Palencia
Riobara
Mula
Ríobamba
Estapacha
Otzumatlan
Chucunaqui
Araujo
Arauco
Pampacucho
Thepayahualco
Trasmontano
Gobiernos
Ancud
Huayama
Chambo
Ibita
Anzuelos
Países
Tepozcolula
Vechi
Nata
Cuynni
Hoz
Ogelagana
Paravari
Osivego
Agualey
Ótoca
Madoc
Huaque
Isllamas
Administrador
Qui
Sep
Concepción
Agustinos
Sipapu
Cozcatlan
María
Bucaramanga
Raninco
Cric
Ñuño
Cotopacsi
Nueva
Saba
Ccballos
Efigie
Polanco
Portillo
Alanje
Pacca
Inglaterra
Villagran
Provineias
Coronas
Itsmfo
Guaueab
Piray
Capí
Michua
Varón
Castelfuerte
Castilla
Iguy
Galiano
Casanarey
Duqueco
Santa
Mistepeque
Dorado
Curaguasi
Islas
Portugueses
Huizapula
Buena
Acari
Cayetano
Aventureros
Guimeo
Enseriada
Sayani
Comarú
Mongon
Sahuacario
Cártama
Tin
Mecacapaca
Inmediata
Roxas
Galeras
Loyola
Cuba
Cerda
Guarmey
Suchitepec
Ariza
Antigua
Arrecife
Cap
Nevis
Curaray
Virreyes
Escuela
Cazique
Chillaos
Pan
Turen
Meli
Proveedor
Tamazunchale
Salmones
Cnilc
Guerrero
Paspaya
Charps
Parro
Yanguitlan
Misissi
Laches
Aropa
Coellode
Cinagua
Cañete
Ttpactitlan
Carangui
Port
Inca
Loan
Tlacuclotepec
Cuchoa
Cayana
Mello
Garavia
Cherokees
Ayres
Viracocha
Tames
Oropesa
Rcyno
Lucayas
Lagunas
Cumanagoto
G
Toneladas
Caballo
Arriaga
Marinho
Pachacutéc
Meschagamisii
Francesas
Valverde
Ruiz
Fluvanna
Ixcateapan
Cór
Concón
Isas
Tacoragua
Lamínate
Atlántico
Jamayea
Tinguiragua
Córdova
Paranay
Coroico
Noguera
Blackrroc
Aruacas
Ygualapa
Izaguirre
Corona
Concilio
Sahuarcuca
Velzares
Mongaveira
Buzard
Señorío
Chiloe
Chile
Acapulco
Kka
País
Norte
Don
Morón
Otoque
Torbec
Sergipe
Yorck
Christóval
Yanas
Aceytes
Cordilleras
Arvi
Cariada
Usupama
Isla
Tauripampa
Osuna
Jamay
Legaspi
Lezard
Fedro
Biobio
Chulumani
Chumbivileas
Lecho
Hoyenas
Mortara
Iroqueses
Xaiacingo
Piros
Parimc
Yambrasbamba
Cópala
Óvidos
Desesperación
Main
Anson
Massachusets
Larecaja
Xiximani
Alausí
Chinantla
Metau
Matanillas
Heredia
Puyuc
Xaltocan
Chavin
Guachinango
Mechoacán
Reales
Christóbal
Pahuatlan
Pungullayacu
Taxena
Escritor
Saramajos
Apalache
Ricja
Pocoanca
Juez
Copta
Frente
Poriovelo
Guarochiri
Sufiuik
Pennycook
Ermita
Frceholder
Cabral
Pikomayo
Masachuset
Araguaya
Forma
Cavincia
Molino
Aza
Culiacán
Pvrr
Alquiza
Pedi
Quinindi
Waterey
Tonalá
Palomeque
Catedral
Tribus
Cuyaciyayanes
Beateríos
Tierras
Chamaletón
Purificación
Talavera
Jurista
Baker
Paratinea
Itán
Cercado
Ion
Hampshíre
Poetisa
Higueras
Itenes
Ñau
Ocon
Siru
Balzas
Yuna
Capuy
Nandui
Larraspuru
Yllaló
Costa
Chaguas
Cayora
Sinú
Chilc
Yau
Nabajoa
Presbítero
Staunton
Chococha
Silliuvcnt
Tuzcacuezco
Ense
Guayaparanna
Connecticut
Nochiztlan
Gobierna
Capilla
Christianas
Acatlan
Travesía
Cambridge
Quindio
Moneda
Piñancay
Camapua
Ananea
Sagrada
Tras
Levante
Rodrigo
Los
Molina
Pilala
Amecameca
Puchacay
Morne
Adelantado
Sandías
Huamaiies
Estancias
Colorados
Euphasee
Cartagena
Bay
Iberos
Cujus
Corte
Castelmayor
Curupa
Caxacai
Guachicono
Porroquia
Vasco
Pichelin
España
Callamaco
Tinta
Croix
Balija
Consolación
Iglesia
Sagadahoc
Cartago
Cnpulalpa
Pasquaro
Sousa
Campe
Tupac
Ayolas
Misísi
Cumaiaris
Ambolayma
Baptista
Arávida
Bahía
Tasmani
Bancos
Corixes
Remon
Caica
Piedras
Bagnalls
Amat
Sinaruco
Capiry
Fide
Xamoros
Hontam
Airahua
Ovapoco
Arui
Torre
Jos
Labor
Champotón
Potownivele
Pólvora
Villebon
Pueblecillos
Kkk
Rcy
Tuichi
Castel
Lucanas
Vücas
Jilea
Cosca
Indulgencias
Tala
Bañado
Primavera
Curarahua
Omacho
Amariscoggin
Huilagirca
Paba
Providencia
Cayro
Ciud
Ayuntamiento
Amazonas
Cachi
Chingoteag
Cheto
Guaporé
Janos
Monterrey
Indias
Caluma
Mereed
Julián
Inglater
Hermano
Soldados
Ocoña
Cochinos
Darcen
Sirugípá
Regis
Tambo
Tepuxilco
Curies
Bariqutsimeto
Filósofos
Chaupic
Nieves
Sevilla
Xavier
Supremo
Baxanas
g
Maltrata
Zaragoza
Píesidcnte
Familias
Padua
Surampalte
Saruca
Lampun
Curucay
Amapaya
Ortiz
Santos
Fernandez
Utrech
Manoa
Herradura
Mole
Keynos
Junquera
Carvalleda
Móntelo
Uruparate
Gastón
Iturriaga
Baides
Telembi
Alar
Naranjos
Laicacota
Upar
Nauta
Hannover
Sucia
Orellana
Caizedo
Cochons
Invierno
Zuaque
Gar
Calificador
Hacha
Hermita
Tula
Patos
Policía
Uchos
Cuchivero
Zapata
Piricay
Huaylas
Chifniral
Nasca
Oüispo
Chrisóstomo
Ytenes
Madera
Gor
Coló
Maldonado
Chepo
Monteiro
Patronos
Chichimeca
Valdelirios
Yautepec
Tarragona
Unzaga
Cátedras
Caravelas
Diputados
Cañaveral
Tinguindin
Pirata
Alamos
Nilahue
Saa
Almada
Hyde
Tonal
Bari
Guatavita
Caqnet
Paititi
Simanchi
Ciego
Tong
Fareiri
Cerro
Aquimuri
Chisekaws
Gallo
Paragua
Mascareñas
Orizaba
Nayarith
Mazarvoni
Jauxa
Cavalleros
Chiquiana
Melón
Belzares
Tenozic
Chiliquin
Romani
Colate
D
Maguegazu
Huallabamba
Archidona
Portuguesa
Silla
Esquilache
Cornelio
Labore
Ousenquisneth
Andia
Indiosde
Yumaguaris
Savannab
Dignidad
Magalianicas
Occean
Caraimilla
Chambi
Úmuc
Corquina
Calidonia
Cocama
Fermoso
Gibraltar
Tumbez
Cosme
Polar
Serpiente
O
Dos
Fartido
Tribu
Mediodía
Nassau
Grita
Condes
Calpa
Tanja
J
Regidores
Moyobamba
Pilcomayo
Bacun
Cbiloe
Mordahu
Ragged
Ylo
Chuigotes
Massachusset
Huasillas
Catury
Tapuonga
Caxas
Mochicauchi
i
Muscadoboit
Mogolues
Paria
Mercader
Choix
Artibónko
Consuhatche
Banamichi
Churuc
Xuxúy
Mulchen
Maulle
Cajamarquilla
Calcara
Bayamo
Regla
Catalina
Horida
Matías
Guaique
Geórgicas
Fff
Porcon
Buga
Filosofía
Puesto
Fernando
Min
Tibul
Viüdra
Peni
Bamstable
Missouri
Piovincia
Dominico
Carlisle
Atole
Andoas
Roberto
Stono
Tepic
Ranchillos
Tenango
Bayari
Cousa
Cúralo
Huérfanos
Cangrejos
Paspe
Aija
Monarcas
Castellanos
Angeja
Tcpeaca
Portobelo
Galeones
Mecapa
Mariscal
Coscomatepéc
Ijl
Galicia
Sor
Gobernador
Torin
Charlestoun
Igarasú
Porras
Cachimayu
Puelo
Cicasica
Doctrina
Casipa
Ramirez
Chaqueta
Mancha
Egido
Burgay
Etres
Macio
Velez
Frayles
Maese
Irutiba
Mendaña
Milpillas
Uru
Cabece
Metepec
Seapenham
Zipaquira
Davalos
Arribana
Religiosas
Charlestown
Mcdiodia
Amil
Alerce
Batalla
Guzmanga
Ponica
Colon
Ours
Mata
Marca
Cheveux
Purare
Casivindo
Tuzantla
Nación
Capibari
Pozo
Quebrada
Siguinan
Ascensión
Turco
Wiloughby
Coro
Cordobés
Rouge
Saravía
Laraquite
Manao
Ynabavú
Ensenada
Artes
Quaquez
Yubamonas
Bruselas
Turmay
Tian
Puelos
Alfonso
Lardizábal
Amatlan
Laraos
Palo
Berbice
Contaduría
Pacasmayu
Sarávia
Pugni
Cozos
Delfín
Yucal
Macoris
Bategui
Jumata
Salvages
Novita
Mendocinos
Zayula
Mboapiari
Penco
Catacumbo
Patacones
Gorgor
Callo
Garci
Tlacoluca
Urabá
Domingo
Chauracabis
Cuio
Caquetá
Cacao
Tocay
Montano
Neus
Chesapeak
Colan
Yunguilla
Teutitlan
Maravatio
Ariari
Zurita
Chumillo
Llerena
Saona
Villalpando
Petates
Oruba
Alburquerque
Noviembre
Parcido
Madelaine
Esquibo
Raposo
Lavaderos
Cazanare
Tariná
Villa
Tomas
Ele
Cosía
Chichibacoa
Ecatepec
Catamayu
Lisboa
Antilles
Parroquial
Truchas
Esquadra
Canarias
Matem
Espineira
Vas
Convento
Xaragua
Huanajue
Corregimien
Puxmccatan
Rozís
Carvallo
Gobernó
Canapces
Senet
Challabamba
Cumpa
Malta
Tlaxtala
Alonso
Veedor
Latios
Loaisa
Urubú
c
Coriana
Magua
Colotlan
Parién
Guzman
Coussa
Villarroel
Europeos
Montiano
Caldera
Motines
Macapa
Propietario
Barbada
Magníficat
Tiburgo
Era
Cascada
Paramo
Macedo
Chaqui
Alférez
Pigvvakct
Pastaza
Cobachis
Caxatambo
Amazinaque
Maracapucú
Huaillabamba
Españoles
Párroco
Bervi
Copiapó
Béc
Zacatecas
Ruminavi
Huamelula
Chichi
Aconcagua
Manique
Liñan
Anegada
Hermitas
Caimanea
Martitiniere
Guaxi
Covvper
Ervia
Quiquijana
Juipa
Carranza
Cirti
Cotoparazo
Akáldía
Valdes
Solis
Verapaz
Barrios
Gente
Sabloniere
f
Moguegua
Duero
Guandes
Vizcaynos
Cholula
Penene
Tucumari
Espíritus
Aulapi
Dele
Cuyuni
Atrisco
Gentiles
Qrdaz
Hualla
Quiatoni
Shatesbury
Culiacan
Misque
Paita
Pcnsilvánia
Chrístoval
Atque
Caranga
Mártir
Nieva
Guadalcázar
Pariarca
Navidad
Mochawk
Ashlcy
Chirakees
Cueva
Mochuelo
Jeneiro
Zumo
Zitepec
Chibé
Ingenios
Criznejas
Hateras
Cario
Riche
Aragoneses
Barinas
Alcega
Jurisprudencia
Cbsta
Sitio
Euphase
Tillos
Lenguas
Colima
Sabayno
Pitous
Madrid
Venegas
Jiraras
Jeneyro
Juana
Protector
Villages
M
Matanza
ü
Gallinazos
Baydes
Añasco
Bombón
Guerra
Rivieres
Angas
Procurador
Mechicor
Pamplona
Huamachucos
Tepetango
Viejo
Maza
Motezuma
Omasuyos
Playón
Limones
Tanglotango
Pacífico
Judio
T
Lebríja
Amóla
Quisú
Chiloc
Tlaltenango
Guaitara
Paredes
Sapola
Consultor
Longitud
Grado
Huitepéc
Jujui
Evangelista
Joana
Mediodia
Cinti
Jong
Moctezuma
Theoloiuca
Nopsa
Ángel
Isabella
Bejar
Reyfio
Artículo
Delgado
Caios
Guarrdias
Rada
Tanta
Zacan
Piritú
Cabos
Anticosti
Coyoacan
Acarigua
Wensminster
Maita
Zambrana
Guancabamba
Chío
Yetasco
Huacaña
Santo
Casia
Horcasitas
Parroquia
Tabasco
A
Dañen
Huyllanes
Christinaux
Monasterio
Wingcn
Aragón
Bobos
Tarazona
Savanah
Artibonito
Teuzitlan
Cerritos
Hol
Oünalá
Camiirigi
Vilques
Tacopalma
Robles
Capítulo
Atotor
Morro
Guairana
Ovaripana
Irois
Religiones
Hua
Vireyna
Browers
Carrion
Soríano
Tomasa
Cha
Venta
Castrc
Imperio
Jamaica
Chuica
Rembolt
Coleti
Hanam
Ynahuaya
Chachapoyas
Gasea
Midlesex
Cocamas
Espa
Cavari
Truxillo
Chetú
Juquila
Zacatlán
Buffie
Lasarte
Mamoni
Vieira
Xujui
Islesia
Istapa
Qutnti
Peña
Plritú
Congarcc
Cut
Ancores
Caracato
Vide
Racioneros
Inau
Tepoxtlan
Lampian
Charca
Reymo
Chumbiviieas
Manapire
Arque
Benalcazar
Chachapoias
Acoriá
Palata
Fernambuco
Maipo
Chanavaya
Longuo
Asiento
Sama
Nicoperas
Sioux
Tututepcc
Guallaga
Ampucs
Omasuios
Ene
Beata
Andaluces
César
Cifuentes
Acazingo
Shiquita
Grande
Alfinger
Diamante
Tapado
Regidor
Punía
Carmelitas
Obando
Tuscas
Londres
Hernando
Tetuan
Betas
Isauria
Roma
Estrechos
Victoria
Nuevo
Capivari
Alcaldías
Lartaun
Tacarigua
Atacames
Empera
Curusama
Bexucos
Paraguai
Cochamarca
Mir
Marquesado
Altamira
Acadia
Savanaah
Quebcc
Carolina
Jan
Tomé
Atures
Uchupiamonas
Carora
Ancamen
Paganagandi
Puebiode
Sánchez
Tiedra
Triste
Camatá
Excrckios
Itapeba
Cédula
Guadaíaxara
Cochoapa
Bartolomé
Boutin
Calatrava
Topayos
Huancabelica
Caribana
Español
Morcillo
Arbacas
Cesta
Estudios
Yraibi
Diciembre
Confines
Obispados
Chien
Aguirre
Sala
Urupi
Coray
Iquitos
Montagnes
Pasagc
Pariba
Casco
Abacachis
Scimugaes
Yucatán
Palacio
Lobayna
Nde
Ballena
Peréa
Esco
Oratorio
Concepcion
Baca
Religioso
Guarpes
Casaus
Dilinidor
Iracubo
Filad
Sangolqui
Tortosa
Lambrama
Guanarito
Condesuios
Nocsino
Mutuanis
Tupisa
Marumarota
Máximo
Long
Callao
Pampamarca
Arcos
Rexe
Bailio
Quatro
Andújar
Hospicio
Arracifes
Hampshire
Cesárea
Huannquite
Anclote
Fosca
Monacillos
Goanava
Hervias
Malacatos
Tapicura
Chones
Timbues
Cofradía
Chitaraque
Curupatubas
Zamba
Piastla
Pinoteca
Procesión
Serranías
Tambobamba
Guabiare
Palmar
Ático
Eclesiásticos
Caberres
Xeréz
Aprovaca
Mas
Zamucos
Almádanas
Coroneles
Chiquitos
Fortune
Atalayas
Bracuaenda
Hhh
Tahisá
Ximencz
Yupanqui
Jfeptunus
Saspoy
m
Sihuas
Gato
Chongos
Anncndariz
Yncas
Xuruaras
Cansino
Hacienda
Ancuma
Cuyaba
Abadía
Breza
Pinches
Imágenes
Cañada
Damasein
Tucumare
Tugelo
Sonsa
Venezuela
Capitana
Tapera
Chmcay
Pago
Rapel
Tocantines
Reposo
Roberio
Jaca
Ladrada
Líanos
Colonias
Estos
Conchucos
Cachavi
Aymará
Iza
Uzaquez
Capoiita
Támesis
Guspaca
Teutila
Una
Abixiras
Esmeraldas
Curato
Bocas
Coleabamba
Atoyaque
Pimaes
Oidor
Brandwyne
Ferrer
Saumons
Ede
Jauregui
Infantería
Beatas
Topliquillos
Huanoquite
Pariguan
é
Basin
Tucapeles
Zeogun
Kirk
Seño
Can
Spiritus
Oumaná
Saenz
Portages
Mantilla
Ordenes
Isidro
Burgos
Muelle
Aullaga
Chunchasuyu
Córdoba
Tabago
Pampticoc
Llaquas
C
Capitaní
Azua
Aricagua
Chuquiabo
Escateopan
Calla
Babahoyo
Viacha
Nucva
Justino
Kákick
Tamalameque
Pedraza
Pointe
Otua
Marítimos
Mego
Rivas
Iíuailas
Enfermería
Chuquiahui
Lobos
Arvacos
Montanas
Mará
Amelia
Italia
Norueña
Alcozauca
Mini
Soconusco
Tierta
Virrey
Cumplida
Sal
Grand
Itamaca
India
Evangelio
Archipiélago
Yacuma
Amasiruines
Grijaiba
Cacula
Estanques
Garay
Yupura
Craven
Doña
Cangray
Mocoa
Suazo
Andajes
Pirerto
Diócesis
Malacatepec
Camurica
Tapuyas
Chichicapa
Asumpcion
Zuchitepec
Pisco
Jesuíta
Üjiba
Laycacota
Zítaquaro
Tezcuco
Yulcruianca
Maizi
Sotomayor
Larecaxa
Atanari
Mañano
Guayabero
Olto
Felipe
Larccaja
Europat
Caribaha
Gante
Aíallama
Marocmarca
Espinosa
Carlos
Guama
Siena
Universidad
Pucaguaita
Dávalos
Batequi
Pensilvania
Natural
Dean
Quartel
Chilona
Álamo
Maran
Gurupa
Historiador
Teteolnaaloya
Muzo
Turbio
Esranzuela
Loja
Armada
Mamora
Cuiaba
Velho
Loxa
Guarihuína
Observantes
Cerros
Lalanguso
Conquistadores
Xauja
Huariaca
Cervcra
Medaños
García
Aguapey
Guemcs
Iaraqui
Mongaguaba
Bugio
Huaiama
Corregimíen
Que
Clérigo
Guacana
Véate
Busto
Conhavvay
Incas
Zelaya
Flándes
Gigantes
Olaya
Cirindaro
Idioma
Sepulcro
Yauli
Nanduygazú
Arce
Pechelin
Zamborondón
Comitlan
Pelingara
Macomes
Guatemala
Donjuán
Amacuri
Paredones
Castañeda
Huach
Tlaxsasalca
Andalucía
Huancaio
Aldea
Lusia
Chanco
Montarte
Caracote
Sincomay
Casta
Taragua
Tetclmacingo
Correg
Goochland
Chiquillancs
Nava
Pacifico
Agúanos
Proviincia
Sergipé
Jeras
Amarumayu
Barones
Maya
Cumaypi
Chia
Muertos
Ypoba
Gurintar
Bailiages
Sibauri
Iluaipurú
Almas
Ame
Casi
Hornos
Yxmiquilpan
Deidad
K
Marinalco
Sachica
Ama
Amsterdam
Barbida
h
Xilotepec
Champlain
Cochali
Antüles
Antisana
Caico
Gus
Ranouus
Iscuchaca
Calcaylares
Palio
Maracas
Branche
Geneiro
Sangallá
Rumi
Machigan
Taranena
Ecatepéc
Topajocos
Yamparaez
Quillón
Marques
Privilegio
Cabildo
Goropa
Patutes
Bailadores
Yamari
Arboletes
Vaca
Mongangappe
Pichincha
Pre
Chira
Perro
Corregidores
Bella
Chrrstóbal
Oropcsa
Theotihuacan
Cayari
Chibay
Itari
Delavarre
Orcacocha
Agüero
Ipenin
Mariland
Ledesma
Orilla
Mariussa
Huan
Pamunkev
Patraña
Campo
Tuerto
Plumos
Vera
Pars
Fuenmayor
Xarayes
Garachiné
Scorgovive
Barón
Sutagaos
Taraumaras
Tequisquiapan
Middiese
Iscanzé
Aldama
Sante
Cuesta
Amaya
Fuente
Longotoma
Perico
Montalvan
Condamine
Tiquipaya
Infieles
Gueguetlan
Huachos
Guazimiri
Soledad
Tribunal
Madroñero
Puni
Almaguér
Gracia
Chacayan
Sauces
Salvador
Tandil
Vestigios
Susquehanna
Cayapas
Picazuru
Gutiérrez
Lujes
Levan
Andrés
Maypo
Ana
Truxiílo
Templos
Españole
Borja
Barca
Capitán
Bellln
Tasajo
Tuxtla
Estrecho
Gótigora
Songoli
Tarrapaca
Curazao
Angaraes
Guaibas
Sub
Feliz
Granadilla
Guarapiche
Meguin
Arbietol
Babiacora
Zongolica
Disciplina
Putumaio
Sarábia
Vene
Incógnita
Voudepiques
Arivi
Chincha
Chatas
Infle
Mayta
Calderón
Picachos
Acia
Juanambú
Coronista
Viñac
Colta
Vieux
Yurubechi
Oíd
Cartaxe
Tributos
Protestantes
Mota
Cao
Guancabélica
Algodón
Navios
Rcgimien
Amotape
Capagu
Potovvmack
Pullo
Polígamos
Tropas
Santi
Cassavatay
Velille
Baez
Cnancillerías
Bocaca
Atabillos
Patate
Machache
Canuris
Vayssaux
Franceses
Lucma
Puerta
Avendaño
Cerbantes
Ubilla
Texeda
Aguan
Hurtado
Misioneras
Chilia
Curay
Champoton
Jiabitan
Aitnaraez
Banderas
Paraisancos
Guapaca
Vegas
Orape
Sack
Apami
Gaita
Seco
Aldape
Biobió
Cuilaya
Potre
Mexicana
Lircay
Estanislao
Terraoova
Sagadahook
Dios
Iñaquito
Moxós
Carabana
Xaraquemada
Pituhuanca
Caxamar
Premostatenses
Fernán
Ojacastro
Caletas
Luque
Cié
Delawarre
Jayba
Seáis
Quauzoquitengo
Alarcon
Sarava
Tucumah
Majaviri
Málaga
Burgo
Pantaleon
Dimvidye
Andrade
Curytaba
Huasco
Porto
Tangier
Pilcomaio
Solares
Gaeta
Chacu
Jacuaron
Huitefiec
Chumbe
Menendez
Almagro
Mira
Rrrr
Juna
Camarón
Foreland
Ranchos
Misión
Cardonal
Ubuquara
Teanguis
Alpayacu
Hampshke
Huallu
Comas
Ramos
Gila
Catálogo
Almaguer
Chiloca
Coronados
Iqueine
Tiburón
Conga
Chaux
Tequendama
Eci
x
Guapay
Otomacos
Firme
Iñigo
Espigón
Provin
Aragua
Céspedes
Huacar
Misisipi
Chávelos
Vista
Sabana
Real
Palermo
Hilave
Cauchupil
Ü
Natividad
Lat
Tucumbirá
Cuernávaca
Presidencia
Lucas
Pequest
Bello
Inquisidor
Cristóbal
Pal
Lorcto
Chuschi
Barcas
Molitatuba
Cisneros
Comoriopa
Igualapa
Leiba
Reyno
Colliton
Milagro
Ron
Cochon
Sant
Frontenac
Merced
Xocotla
Mañosea
Viterbo
Machado
Regimiento
Huanaes
Tricomi
Cádiz
Diamantes
Cii
Emperadores
Mazagan
Iguari
Mida
Quuebec
Uruguaypita
Macas
Portugal
Cabecera
Codera
Jacha
Alvar
Teño
Lanhuy
Lloque
Larecaia
Puerto
Novicios
Tagaris
Fundación
Ochoa
Bermudez
Havana
Huehuetlan
Pariva
Rui
Maynas
Villaboa
Sonó
Cuchigara
Mayorazgo
Andalien
Caraveli
Moguer
Vazabaris
Reli
Corazones
Juanantar
Armero
Nuestra
Atraco
Pantejo
Man
Auxiliar
Curuay
Imataca
Matazan
Pongo
Tefe
Cuyo
Arrióla
Guiméo
Ñapo
Guinea
Pascua
Sinapuco
Martinierc
Nova
Delaivare
Quinquenio
Amatepec
Guadalatquen
Seregipe
Qqq
Guáranos
Laguna
Buen
Huailas
Montagne
Cacique
Cheboucto
Largo
Tapoana
Oñate
Buston
Penonomé
Ojeda
Topinambas
Chensbcsec
Cape
Vega
Carabayllo
Yquesque
Chirú
Palmares
Joseph
Knoulcs
Topinambes
Arzobispo
Bretón
Chupamarca
Chesapeach
Laguaciná
Sardinas
Laso
Pedro
Cadereita
Tarija
Birbara
Ynagua
Cochino
Portu
Mancaibo
Puxmecatan
Cintruenigo
Jachal
Xaraycs
Riva
Nal
Quijos
Ataide
Patagones
Presidios
Milpi
Estancia
Carilile
Xicayán
Europa
Southward
Tetepango
Jcanes
Vireynato
Cortés
Pedroso
Coz
Juertes
Pludson
Descubre
Gama
Paucareolla
Monasterios
Animas
Jarres
Nonsun
Chuquisacá
Pedroza
Tomependa
Atlatlai
Guillermo
Ytari
Estanque
Revno
Aruni
Ques
Caxamarquilla
Paruro
Funza
Pana
Chiquian
Aguarico
Taliscona
Moura
Alcaldía
Fresh
Casiani
Ampues
Jordán
Tiete
Arundel
Goyana
Conil
Marcos
Monmouth
Cay
Ayotitlan
Lucero
Quebec
Ciénegas
Guadalaxara
Guardia
Chuquiavo
Dañarse
í
Oricono
Lerma
Isabel
Chicha
Tinguisa
Gaspar
Macari
Contesuyo
Ciu
Picacho
Ymasá
Arzobis
Thehuacan
Teniente
Alcabala
Puerro
Condesuyos
Conaica
Copiado
Pie
Fuego
Almadanetas
Pachuca
Ángeles
Puertos
Tinaco
Goayana
Sarara
Iumerí
Xacoces
Maenza
Pablo
Corrector
Abijiras
Cos
Blanco
Soro
Vicario
Yirey
Maftiñony
Apena
Pedazo
Señoras
Cotabambas
Itamaraca
Derechos
Tlajomulco
Vichi
Jagua
Guarayos
Carliste
Vilcamayo
Contratación
Pulques
Recolección
Coyotepec
Ibarraj
Winepisiocho
Conventos
Guachipi
Plasencia
Melipilla
Fuerte
Abades
Huaitara
Amula
Rupununi
Valles
Cozumel
Marcapata
Toachi
Yguazú
Tali
Christch
Pericia
Yzaguirre
Bervice
Valle
Púrpura
Barrancos
Manglares
Guanipa
Zipaquíra
Pobreza
Calzados
Puertorrico
Istmo
Corpus
Logroño
Continente
Ayudas
Víctor
Cavmán
Cinaloa
Enero
Yapoco
Veinte
Carpió
Lengua
Oropesay
Canal
Cuy
Gua
Inválidos
Junn
Nocupetajo
Chuquri
Aguacagua
Criba
Toribio
Pirebebuy
Coadjutor
Tncuman
Europeas
Omasnyos
Encaramada
Jalaba
Collerón
Cauca
Clerque
Chacón
Congregación
Cotopasci
Escollos
Bermejo
Lara
Nelson
Graven
Acevedo
Gualabquen
Obispos
Christi
Papantla
Piraciacaba
Coiona
Azatian
Bovval
Alvarez
Abacaris
Colegióle
Magallares
Zapatosa
Cusibamba
Hiscotepec
Ministro
Parati
Chumbivilca
Corregimicn
Aicaropa
Maniqueos
Huere
Tominá
Caramanta
Samaná
Punovis
Principe
Valladolid
Pctite
Elota
China
Juchipila
Goa
Barú
Gorrichategui
Taquari
Capitai
Atacamos
Fiol
Zumpahuacan
Amuzgos
Quilcasé
Camaná
Mediterráneos
Cordiücra
Pueblecito
Vicaría
Tum
Otumba
Monrcal
Pevas
Zipas
Rubio
Colchagua
Urriaias
Pejereyes
Musu
Aviles
Cama
Rede
Manco
Corregimicnto
Federica
Angoras
Mizquiaguala
Sagadohook
Esperanza
Tintay
Cinaguaen
Matuna
Prxis
Corree
Mariquita
Ondores
Herbae
Yguan
Izatlan
Molle
Provisor
Grois
Chinantecas
Piedrola
Molleda
Junient
Cristóvalde
Mamo
Catalanes
Cuiuni
Mazupes
Miahuatlan
Coropa
Sta
Bernardo
Frederick
Pehuenches
Huanacache
Putumayo
Martín
Vücomayo
Catch
Xonacatepéc
Zaiula
Missipinac
Quiñones
Arviza
Caimitos
Capot
Guazaiparo
Badajoz
Carteret
Peralta
Toca
Periban
Tonusco
Bostón
Atempa
Flamanalco
Pujayacu
Bonitos
Zuaga
Extrecho
Salto
Orador
Cul
Landgraves
Guasaquil
Sanpa
Autlan
Sandia
Taraumura
Apaches
Feliciano
Contumaza
Condados
Lisie
Choapa
Religio
Paría
Anco
América
Ichubamba
Gabriel
Mamas
Ancamaris
Higney
Manguaro
Consulado
Yamparaes
Oyapoc
Ribas
Sto
Suata
Huanmachuco
Huasitara
Anuiré
Agustín
Clara
Quatausis
Reviro
Copé
Amaguaña
Cacoyoc
Atracto
Seno
Vicia
Lizarraga
Chüe
Superiores
Guadiana
Naranjal
Qqqq
Pastuza
Saco
Rell
Espeja
Bastican
Guaraná
u
Mesa
Señor
Caballe
Macno
Prelado
Emperador
Quinuxtlan
Chepillo
Occeano
Padoan
Sacramento
Coari
Barrera
Bey
Chuces
Almeida
Cilieza
Prima
Zitaquaro
Corominos
Descalzos
Perlas
Lostitres
Brocal
Chimbo
Isaperices
Mai
Xiquipila
Vasconcelos
Sinalóa
Sidonia
Pica
Ó
Cocoyomes
Guaquiaris
Huspallata
Universidades
Cayóla
Chaneay
Tacna
Cabuya
Muertes
Tampico
Tombay
Sauínon
Cabari
Benalcázar
Qtiarteron
Maracapana
Sota
Ibicuy
Francia
Huallanga
Martínez
Cava
Parinacochas
Holanda
Tucumán
Manzanillo
Flandes
Coxcotlan
James
Consejero
Canapayes
Popa
Osorio
Cal
Obispo
Xuxúi
Neiva
Caura
Mariqui
Tepeaca
Cansó
Azúcar
Clérigos
Escalona
Gefe
Jabón
Llamas
Cirii
Toxtepec
Arequipa
Erie
Merlo
Tudela
Vizchongo
Amola
Monarquía
Itsmo
Tomenelú
Candelaria
Morros
Martin
Güila
Suesca
Aravis
Jas
Patáz
L
Sonlahowe
Tineo
Pañuelo
Luvres
Atengo
Tlazintla
Court
Curteen
Airihuanca
Capinota
Masachusets
Blasco
Corquemar
Thchacan
Teutalpan
Genibabú
Ser
Maisamacs
Yuximaguas
Sicasica
Titular
Senado
Iroquc
Metrópoli
Chiloé
Escu
Popavan
Tierra
Yaina
Achamqui
Terranova
Razé
Araucaso
Esmita
Busanis
Cahuapanas
Pérez
Chinchilla
Tun
Aroi
Desposorios
Licenciado
Masac
Navio
Cochuy
Seguro
Farevvel
Trou
Cortes
Sacaca
Lorococha
Xtueva
Oliveira
Raye
Tais
Chinchín
Gayrá
Puquina
Patria
Monepieux
Yavarais
Colcha
Cesaré
Guastecos
Aeadia
Arcahay
Este
Vireynatos
Pimentel
Chacao
Curito
Sinchi
Ciudael
Mecapaca
Páramo
Pucblccillos
Araya
Guamoco
Cancillería
Antonio
Bristol
Joscph
Tirindaro
Thatama
Collaguas
Yumbel
Pirati
Loaysa
Tepaxtlan
Mijancas
Ygirapa
Chucuito
Quillota
Vívora
Cipre
Pirita
Aduanas
Zavuia
Carabatang
Pppp
Chicazas
Hiera
Utavvay
Oooo
Chipan
Morona
Tossagua
Zayulaen
Lihuay
Carvalillo
Isletas
Apaguata
Fairfax
Huaura
Marañam
Sagle
Huaico
Parral
Pore
Tobasia
Matagroso
Metlatlan
Curimon
Berbería
Sahagun
Varios
Seña
Ligua
Corregimrento
Ortega
s
Filosofa
Palca
Nevery
Dinamarqueses
Cano
Sarameca
Occi
Aproback
Moxo
Viana
Ancutercs
Chinchipe
Chica
Mocha
Charlestovvn
Ciudadela
Huauchinaní
Honor
Judicatura
Cocquc
q
Escorgogive
Beneficiado
Vizcarra
Rock
Páramos
Guayazas
Rios
Guampa
Zapotlan
Valdivia
Yacopo
Narwad
Torrecilla
Huayo
Bocono
Monforte
Contravandistas
Canelos
Andiras
Monangahela
Aves
Castellano
Caroa
Incógnitos
Misouri
Sanabria
Priorato
Matlazingo
Humos
Mataanona
Tecaxtepec
Tunquichisgua
Luya
Curigueres
Villas
Henrique
Taravita
Residencia
Huatuzca
Truxilío
Fuemnayor
Sac
Rector
Tcpeguana
Pontífice
Nice
Quintanilla
Chirimichale
Chicos
Tolten
Mitla
Capulalpa
Essequeve
Paula
Albama
Villaexcusa
Otávalo
Segunda
Canamea
Zona
Camapoa
Chapala
Chuquisaca
Ingles
Motetes
Yunguyo
Sangoiaco
Icahuates
Cuernos
Tango
Quichandio
Eundy
Emisferio
Guaura
Huanca
Pas
Metrópolis
Tunar
Ñeque
Zúñiga
Diaz
Ovilli
Choquipoglio
á
Tenanzingo
Christóba
Sinii
Amaibamba
Rache
Appomatox
Berenguela
Daule
Baradero
Marecapaná
Fuenleal
Caxamarca
Cuerpo
Chicolapa
Tutepec
Aldana
Candad
Presi
Franciscanos
Cutnaná
Antillas
Otatay
Tomás
Trente
Tepcxpan
Jalcanta
Ticíla
Etuquaro
Mollinedo
Cuzco
Otro
Upieni
Iluaimalics
Diñnidor
Straford
Muris
Dilintdor
Chiquisaca
Someldick
Chovvan
Quiroga
Cabo
Betanzi
Caxititlan
Ustariz
Luribay
Oriente
Alcaldes
Provincia
Cabrera
Cold
Goatetnala
Cayos
Asis
Plano
Ibiguay
Dueñas
Otalora
Prorincia
Conche
Mallabauquen
Maguana
Pcnsilvania
Benavides
Ahuacatlan
Naranjo
Aruv
Femmes
Goayabas
Pájaros
Pasco
Arguelles
Jersey
Morere
Filósofo
Riela
Turmeque
Calidonía
Coxcatlan
Atún
Fué
Pcdi
Quiílota
Curas
Tórrida
Galibis
Tanzitaro
Petit
Viernes
Chapultepec
Chcsapeak
Gelder
Truxülo
México
Mazarron
Xalapa
Coropatuba
Valparaíso
Caillou
Prieto
Coninquiva
Capanerealte
Harihambá
Medina
Zumpabuacan
Euphasce
Great
Camarones
Huamalies
Bulas
Ssss
Orizavá
Pasamayo
Diego
Ricardos
Vizcaya
Ñ
Muzos
Arecpagita
Bernardino
Loma
Miahualtan
Bomnias
Con
Tamaraca
Piloto
Tohíca
Churin
Parimá
Conchas
Putaendo
Cuyocuyo
Yucatan
Refugio
Labradores
Chiguaga
Log
Obiitas
Dominicas
Topinambcs
Samos
Anserma
Quechua
Vülacastin
Carajais
Guaínaré
Baxo
General
Pcrnambuco
Cravcn
Guinchos
Ossorno
Calatayud
Coria
p
Augusta
Maryland
Collanes
Marigalante
Zalamea
Eyou
Sinagoga
Capitanía
Santaren
Yzucar
Maestro
Pro
Carapegua
Asanco
Recisto
Iguana
Femian
Marigot
Yaguarcocha
Duque
Winijana
Reguera
Atacamas
Mexi
Tepehuacan
Taren
Calchaqui
Bacanuchi
Iraibi
Cuavilca
Tecali
Tola
Georgias
Colimas
Zinú
Segundo
Bustos
Chriátóbal
Lodcña
Montemayor
Huanacapi
Islote
Quororupa
Caxainarca
Lui
Pórtete
Fusil
Amoguajes
Cámara
Xau
Yorsk
Sangarara
Purús
Callaqui
Rosella
Sagunto
Atalaya
Promovido
Escayache
Trombetas
Leonisa
Hicacos
Ayapata
Riswick
Suí
Cliilapa
Sinaruca
Lugares
Médico
Pico
Carpintero
Desaguadero
Huancani
Amulaes
Condocondo
Principado
Porongos
Bárbaros
Simarían
Darien
Sierra
Montalvo
Hurón
Iraca
Triunfo
Arregui
Atüstac
Lope
Tolosa
Ucyno
Iguala
Orapú
Jamáyca
Tortuguilla
Comercio
Parroquias
Xercz
Antioquía
Barzana
Ixmiquilpan
Caxica
Jnismo
Lazarraga
Salazar
Capillas
Casignes
Daza
Bugia
Callejón
Exército
Guayaría
Tamo
Brun
Uccubamba
Ciénega
Octvpnn
Dique
Morante
Kiskisacate
Pilpichaca
Yxhuatlan
Aguas
Cruz
Uvia
Esquixmaux
Octava
Char
Húmase
Tlapa
Guayara
Sobrenombre
Magallanico
Chietlan
Alguacil
Viliagra
Baltirnore
Collados
Holandeses
Yumeri
Pato
Saliva
Sureau
Schenectady
Tuinbez
Mazatepéc
Ilabaya
Bogotá
Saña
Ocumare
Cocupaó
Costas
Tres
Quemado
Huamañga
Barreras
Obras
Embarcaciones
Guill
Nevada
Uñare
Neutown
Albaricoques
Selva
Tobar
Guaxiros
Kenebec
Médicos
Engaño
Aricari
Yacui
Ancheta
Infierno
Gurato
Iluariaca
Tarasco
Tomina
Orange
Llurin
Orillas
Fuero
Colegiales
Divinis
Guapa
Huantiapa
Tabaquero
Asesor
Lamas
Sarita
Cuenca
Tlacolula
Coriges
Montevideo
Putucket
Anunciación
Tarena
Esquiladle
Serpa
Curaran
Moscóso
Chiapa
Yucas
Chuca
Pucrtorrico
Lérida
Conejos
Freyle
Juxtlahuaca
Artilleros
Umaya
Hicotimos
Negrillo
Tris
Mongui
Xingu
Talqui
Marqueses
Savannah
Osma
Gayes
Papalotipac
Reyeo
Verdes
Cataj
Otoño
Capsir
Daricn
Asturias
Jaén
Conssets
Tultepec
Pereda
Fontable
Pimienta
ó
Ballesteros
Guaiacocotla
Mohosa
Moquchua
Curucurus
Chocó
Parotani
Huerta
Ingeniero
Sacrificios
Pabayacutinguiza
Velazco
Yrimbo
Paises
Zarate
Pilaya
Parado
Guantanamo
Curumenes
Pallasca
Llanganate
Canónigo
Despoblado
Ponce
Yulcamarca
Cevallos
Maquipo
Belén
Tenientes
Dcwils
Briones
Purus
Solóla
Guavaquil
Mitra
Ubay
Ossabaw
Piños
Chita
Tarqui
Talamancas
Calzada
Quiquimbo
Román
Salamanca
Catedr
Avellaneda
Henriquez
Tioloma
Lugo
Araure
Trapiches
Huambos
Colegio
Gros
Malbar
Ugarte
Caxamarqui
Licay
Guarinumas
Saguinam
Mboeri
Masparro
Guanacauri
Mala
Wanda
Brazo
Casanate
Estado
Oidores
Xiximaní
Rarma
Aracá
Chontales
Xavara
Secretario
Ucavale
Locumba
Icaguates
Xtivitias
Confesonario
Salguero
Idólatras
Tixtlan
Tigre
Goatcmala
Harvard
H
Chiguagua
Bouganville
Chicuito
Cheapside
Cutawa
Indian
Carangues
Synodo
Sapala
Salud
Auriga
Baru
Xicúla
Martinica
Vallaaolid
Micha
Arbiza
Zamora
Namballe
Upanima
Barrcto
Auditor
Pámpano
Torren
Condebamba
Catalana
Oglctorp
Uruapa
Nichigan
Cariputangas
Lezo
Mahuati
Yanacache
Pichambios
Ibinelo
Guanaro
Pueblo
Montañas
Teólogo
Fontaine
Cabras
Zaqualpa
Surco
Palomino
Tauricato
Filadelíia
Enriquillo
Eleuthera
Nuncio
Chilques
Armas
Regente
Rogacuelo
Hovve
Combaya
l
Pavón
Jiupa
Triana
Edistow
Martiniere
Teresa
Mcxico
Casas
Inambari
Matadero
Fond
Oviedo
Alangasi
Yauna
Ceballos
Extremidad
Alaqués
Guevara
Capuchinos
Agustin
Mendieta
Ambrosio
Bri
Xuxuy
Bautista
Bula
Guapique
Soberana
Vero
Mainas
Colegial
Regalares
Vica
Cábelo
Máchala
Diccionario
Zaparas
Austria
Cailloma
Asunción
Teozaqualco
Che
París
Fran
Bacalar
Gongos
t
Vizcainos
Acolman
Temascaltepéc
Corregimiento
Caguán
Llana
Napysing
Esturrizaga
Berrio
Mbouqui
Buenas
Goyaves
Jamayca
Ureta
Vergara
Florido
Paquebotes
Angaracs
Achira
Acuña
Bravo
Des
Olleros
Toropalca
Yauii
Compañia
Remedies
Tercera
Popayan
Gnopique
Challacolla
Corregmicnto
Continent
W
Enrique
Invernaderos
Superunda
Baltasar
Solano
Melgarejo
Cocoyan
Samuel
Anzures
Popay
Relación
Conchuco
Atema
Panches
Cavayama
Pió
Guiriol
Tunta
Esquivo
Uraba
Garcilaso
Imperial
Diluvio
Coca
Barrizal
Véase
Xalisco
Popayart
Tíerra
Jlanurns
Chicama
Aprouac
Tulazingo
Yuruario
Casrouge
Margarita
Cota
Garcia
Canchas
Capanabastla
Itimo
Mohaukis
Testú
Buey
Jundiaya
Miguel
Peñasco
Michigan
Lunarejo
Quilca
Abad
Chitaga
Tepaltepéc
Cliinchipe
Portar
Corazón
Mompon
Cárdenas
Puente
Negra
Charrúas
Sur
Pita
Nortes
Hogohegec
Santillana
Tuy
Balseadero
Señores
Cbametlan
Warvvich
Portugue
Misisagues
Agualulco
Culebras
Cochinoca
Argente
Juliano
Puntas
Zarza
Cuiceo
Maculani
Vicente
Neiba
Arrewow
Quiros
Caroli
Coquindo
Ubite
Antioquia
Maire
Guaraníes
Romana
Xalacingo
Jama
Pasqua
Meulin
Quechuas
Quecholtenango
Bayano
Puercos
Encarnación
Obrería
Mataquino
Angustias
Tepexilotes
Chuructay
Bouganvile
Chalco
Tenalzingo
Ytata
Tic
Gobernaacr
Coautitlan
Estoraque
Huaral
Baxa
Mendoza
Ruminambi
Conde
Jteligioíl
Montiel
Carichana
Presidio
Quindiu
Taraumara
Castillas
Cahuanca
Mizque
Escjuivel
Kegro
Muñoz
Provinica
Bocaes
Guadalabquien
Cordillera
Tlascala
