Terremoto
Punía
Almudena
Ashlcy
Yanaguanca
Tepequana
Amaguaña
Sandoski
Superiores
Calahorra
Santillana
Guadalcazar
Corregimicn
Alquiza
Nuevo
Santa
Pica
Fontaine
Tuscas
Hubierna
Monserrat
Varaca
Ratones
Guatanay
Costarrica
Quiquimbo
Julián
Duqueco
Curaray
Micani
Archipiélago
Cabana
Totolotalco
Santidad
Surata
Cowper
Pelechuco
Guanipa
Uribe
Kkk
Anguila
Solares
Caxama
Jamay
Pólvora
Ondores
Samos
x
Patate
Bermejo
Mozo
Collaguas
Sosa
Nicolás
Picachos
Tomas
Cnancillerías
Palenque
Remedios
Venezuela
Volcan
Martínez
Huachi
Schoharie
Coleabamba
Ilhcos
Pontífice
Hampshke
Tribunal
Agramont
Brigadier
Catedral
Sonó
Bay
León
Biczmet
Tefe
Arenas
Dic
Bonao
Baffin
Zapopan
Papres
Chápala
Ulloa
Esquixmaux
Chicama
Isletas
Fundy
Tres
Aponte
Ñapo
Rivero
Coiona
Continent
Colonias
Tabascoque
Umamarca
Tacarigua
Reales
Tancitaro
Coriges
Guachipa
Guarapiche
Bocono
Ancuteres
Tributos
Semigaes
Tercero
Inglater
Corpus
é
Aguas
Fritz
Correr
Meguin
Sahuarcuca
Arrecibo
Tiete
Casco
Condados
Córdova
Cochinos
Corrector
Pais
Caica
Sumachuanes
Christianas
Calamari
Guanutil
Velzares
Chavin
Tuinbez
Sevvi
Albaricoques
Manguaro
Capitanía
Mancaibo
Alcedo
Jesuítas
Avendaño
Arce
Pue
Pampticoe
Guazo
Doña
Suazo
Camboya
Tlaxcala
Pejereyes
Flandts
Obras
Uzogoche
Fareiri
Angol
Tocaima
Altamira
Guadalabquen
Tauripampa
Kka
Chachapoias
Tlascala
Ensenadas
Arantzan
Guamaiies
Des
Pariba
Estancias
Coatlan
Bondas
Cut
Mandones
Calatrava
Llucin
Dañarse
Sagadahook
Cravcn
Navidad
Franges
Roberio
Salto
Barco
Log
Cardonal
Maestre
Macari
Montano
Torin
Morcóte
Cayco
Pasto
Llanura
Yanas
Cuchivero
Quillón
Cortes
Premostatenses
Grijaiba
Horizonte
Coropatuba
Cipre
Adriano
Iroquc
Chirgua
Atlistac
Caxabatang
Santuario
Tacoragua
Reposo
Oriente
Chuschi
Siachoque
Salas
Huancaio
Ostimur
Huancabamba
Cevallos
Sierras
Huaytecas
Cape
Criznejas
Cruces
Tarragona
Mesle
Chimo
Ananea
Padua
Capitai
Ipava
Sonlahowe
Anuiré
Popa
Armas
Conducta
Caribaco
Mariussa
Turmay
Tango
Truxillo
Palata
Francesa
Capítulos
Bonitos
Indulgencias
Orillas
Capinota
Callamaco
Baru
Oso
Matanzas
Plantación
Proveedor
Ospina
Achamqui
Colinas
Piura
Tuxtla
Cerritos
Corregimientos
Guevara
Quíspicanchi
Cumanaes
Anvile
Canoas
Caqnet
Huanca
Carvallo
Cold
Mongaguaba
Césares
Tocay
Prxis
Ojiíbon
Cuilaya
Tiedra
Pañuelo
Challacolla
Amola
Olaya
Platanal
Caspiyacu
Fábrica
Callisecas
Talamancas
Corsario
Gatun
Saravía
Coca
Frederick
Equinocciales
Pobreza
Bizarron
Maracapucú
Encarnación
Mondoñedo
Enriquillo
Tolosa
Gómez
Binas
Baños
Villarubia
Paucareolla
Huacar
Southward
Santo
Dan
Dcwils
Morona
Grado
Rochela
Misissi
Arechona
Quisú
Huilagirca
Chalvanca
Quishuares
Qtiarteron
Soconusco
Sangolaco
Tala
Velasco
Curusama
Recoletos
Nassau
Saladar
Mongo
Maracapana
Tételaxonotia
Guasuntos
Omaguas
Chüe
Laguna
Cañizares
Regente
Aropa
Catarina
Comoriopa
Septentrio
Gregorio
Atacamas
Sousa
Yulcruianca
Simarían
Crimen
Julio
Sala
Chaneay
Urubú
Ohio
Alvarado
Guepe
Blancos
á
Orinoeo
Preto
Golfete
Arena
Fontable
Á
Huantajaya
Canes
Sirugipá
Seno
Saumons
Davalos
Eslava
Estero
Breza
Capanerealte
Lima
Chisgas
Sauínon
Tangascucal
Charazani
Imperio
Maripava
Perene
Chaux
Chapultepec
Jabón
Negros
Nueva
Euphasee
Stirling
Ordoñez
Amaqueca
Bostón
Atabiilos
Océano
Buen
Theoloiuca
Tuerto
Capitanías
Covvper
X
Polar
Montalvan
Philipeau
Hercules
Carta
Port
Aracay
Villanueva
Gar
Talqui
Cumplida
Bucks
Guaneo
Consultor
Uruguay
Incógnitos
Chococha
Ñipe
Earcelona
Caridad
Mongangappe
Vieslle
Tamo
Tuxth
Currotuck
Colector
Engaño
Merlo
Golfo
Oricono
Chancai
Cuesta
Ariza
Seña
Sant
Capsir
Huaillabamba
Desaguadero
Logroño
Almaguer
Duque
Huamanga
Kourrou
Xamiitepec
Cay
Figueredo
Guabay
Biigorri
Nayarith
Huambos
Suchahuaca
Lasipagotes
Masac
Marcos
Sangre
Triunfo
Pontifical
Casta
Ambato
Acamuchitlan
Mines
Quilimari
Chicha
Octubre
Convc
Nolasco
Lugo
Bahías
Aproback
Regimiento
Coro
Meli
Rafael
Oñate
Gozier
Juntas
Puelo
Quito
Lore
Lucero
Arcediano
Salud
Aguacagua
Great
Cisneros
Ávila
Pájaros
Gastón
Augusta
Sub
Colegial
Arous
Cumbaso
Indios
Esco
Damas
Corregimiento
Castrc
Caizedo
Maniqueos
Stono
Guanajuato
Popay
Puertorico
Guarrdias
Cortés
Negro
Maracaybo
Buston
Ovaripana
Comarú
Tintay
Girón
Antisana
Simanchi
Sinalóa
Sufragáneo
Ostotipaquillo
Bulas
Huanuco
Masques
Toxtepec
Líanos
Quinuxtlan
Macas
Caquetá
Amaibamba
Laraquite
Bategui
Eza
Procesión
Occeano
Bocaes
Piray
Cheveux
Velha
Cumpa
Yberia
Arma
Escorgogive
Carpintero
Guemcs
Español
Tampolomon
Caravelas
Espigón
Agustinas
ñ
Angola
Caroa
Léeos
Abives
Huanoquite
Zapatlan
Arriaga
Ocumara
Yacui
Capuchinos
Grande
Caquctá
Historiadores
Telembi
Naranjal
Sombreros
Eleuthera
Chanavaya
Yala
Dunkerque
Prorincia
Coxcotlan
Chita
Erié
Cazique
Delavarre
Lignum
Yañez
Huamañga
Huaura
Tenerife
Corella
Pasqua
Papantla
Purrisburg
Acantepéc
Cocta
Aymará
Malacatepec
Hospitales
Ossera
Loaysa
Vclasco
Penitencia
Cbiloe
Conhaway
Ame
Tepcguana
Conquistador
W
Achaguasy
Mataguayos
Sonlahove
Moyobamba
Atalayas
Asamblea
Descubre
Montaña
Guayaquil
Noyre
Sacrificios
Divina
Chirimichale
Langosta
Lostitres
Corredores
Mitla
Tocantines
Huasitara
Maracaybp
Malebueyes
Iaraqui
Lucia
Sidonia
Consejero
Pernambuco
Azuchitlan
Copta
Puelche
Hogohegec
Ruminambi
Mamas
Amat
Balsa
Benalcazar
Mandinga
Usategui
Guinchos
Gran
Keiba
Anciso
Torrealta
Capoiita
Cbsta
Apalache
Lircas
Gaeta
Abad
Misericordia
Carora
Promontorio
Yxteapan
Palandx
Hiaqui
Conhavvay
Villalobos
Amatlán
Antigua
Eparagois
Serranías
Baracoa
Ramstchaia
Cumbal
México
Corregim
Macno
Quillu
Zitaquaro
Vas
Tehuantepec
Cuquio
Unzaga
Tanglotango
Catalana
Bellavista
Monserrate
Othomies
Sinii
Mollebamba
Tauricato
Saco
Clerque
Bejucos
Braintree
Ordiñola
Cotica
Taraumara
Lucena
Mantrati
Tacungadel
Divinis
Rembolt
Chirú
Edistow
Orden
Naciones
Hualla
Castillo
Molitatuba
Nazarenas
Castilla
Carrizal
Xaraycs
Vicuña
Amotape
Betoyes
Qutnti
Amatepec
Buenos
Mestizos
Andaray
Robledo
Villebon
Topinambes
Villano
Tipan
Coxcatlan
Geórgicas
Atraco
Patipe
Xamoros
Península
Felipe
Palmeras
Tapado
Nombre
Taumaturgo
Villalar
Benalcázar
Antillas
Cintruenigo
Patraña
Sagadohook
Camino
Taren
Tente
Pitajaia
Ortíz
Christinaux
Historiador
Mazarroni
Pariarca
Beneficiado
Tibul
Virginea
Emperadores
Tecolctlan
Magnin
Mbouqui
Sobrenombre
Máximo
Geógrafos
Rincón
Refugio
Cundinamarca
Olintla
Criba
Encabellados
Mulahaló
Balseadero
Capuy
Kenebéc
Morales
Arauco
Padre
Barque
Oré
Saruca
Estanislao
Tchicacha
Órdeit
Cuiuni
Lucun
Pullo
Gefe
Noguera
Quinindi
Clissonossea
Montejo
Lavadero
Chumillo
Maracavbo
Chaparra
Hannover
Espíritu
Tonanchin
Guaxi
Loan
Jacund
Conejos
Arbiza
Pontchartrain
Izaguirre
Tasajo
Guatemala
Magallánicas
Baal
Cosmógrafo
Tepique
Mamee
Knoulcs
Guadalatquen
Corck
Código
Recopilación
Paría
Navarrete
Halifax
Mes
Pinzándaro
Culiacán
Ebelino
Caranga
Abancay
Porado
Tórrida
Pueblecitos
Chicachas
Pcrú
Valparayso
Leonisa
Janoaca
Taburon
Carvalillo
Usupama
Champlain
Yumbel
Académicos
Saeta
Barca
Trias
Topinambaranas
Nuestra
Pitous
Rada
Flándes
Canongía
Ancud
Olancho
Tras
Puebla
Ancuma
Tobasia
Huaicho
Crucifixo
Copacavana
Guaraníes
Judio
Ocuila
Nochiztlan
Rancho
Yanuncay
Cayora
Camapoa
Mochuelo
Ecazingo
Velez
Palca
Ayudas
Sabald
Teutitlan
Junn
Carabaya
Lipari
Jamáyca
Habitación
Mas
Mazarvoni
Guatulco
Pan
Pera
Yacopo
Recluta
Real
Pari
Pacarán
Emigdio
Verano
Angoyaco
Guampas
Angustias
Mongui
Ledesma
Beatificación
Hampshíre
Por
Cabecc
Hilave
Chiametlan
Gros
Ríobamba
Mazagan
Cabos
Zarbe
Aeadia
Yaperaes
Ballesteros
Conchas
Frias
Calancha
Fortune
Mañosea
Lorenzo
Margarita
Cong
Buda
Toledo
Chinchasuyu
Colimas
Ciboo
Cruzada
Fortalezas
Aravis
Carabelle
Chile
Caudillo
Araucaso
Teozaqualco
Portugal
E
Patáz
Connecticut
Tenantitlan
Chauracabis
Borja
Pergiucas
Cacoyoc
Yaguarsongo
Quijos
Rocher
Alerce
Regla
Isabella
Universidad
Novita
Justino
Caburi
Isleta
Tututepcc
Labradores
Mancha
Filade
Sulia
Carlos
Iumerí
Bari
Coctaws
Caxica
Colorados
Conga
Rosillo
Totavunancha
Apari
Caxas
Aquismon
Filadelfia
Hampihire
Chima
Autillos
Cerro
Guinea
Cilieza
Conceocion
Joana
Mistick
Onda
Capac
Yurubechi
Quororupa
Rcgimien
Cuynni
Parimé
Olinda
Orapú
Turmeque
Tlatixeoya
Xocotla
Cabczera
Casa
Oravia
Xtivitias
Kirk
Quillobamba
Y
Archidona
Guaique
Ccnobebo
Penene
Constancia
Saavedra
Balija
Anunciación
Desespoir
Filosofa
Anncndariz
Escuela
Bustos
Loma
Huacaña
Colonos
Morillo
Bocaca
Alpayacu
Acevedo
Federica
Cerros
Arbietol
Audiencia
Macedo
Acuña
Plumos
Términos
Pucblecillo
Guaduas
Hebreos
Bacalar
Canales
Romería
Amsterdam
Osma
Mercado
Privilegio
Lonja
Lartaun
Mahuati
Chucunaqui
Chicazas
Tezayuca
Arrewow
Manati
Posesiones
Appomatox
Regidor
Carenas
Ede
Jilea
Chuvakansty
Trente
Piratas
Mini
Pcrnambuco
Tútlu
Tinaco
Paspaya
Pardo
Mixto
Nuble
Marie
Iluaillati
Huatuzca
Tapicura
Guarico
América
Mérida
Huariaca
Oro
Solís
Salguero
Savannab
Pantego
Atque
Tambobamba
Christóba
Tillos
Oficial
Yorsk
Zayula
France
Occean
Mutuanis
Mordahu
Luisiania
Quarto
Catamayu
Rarma
Ángulo
Puerta
Diamante
Occidental
Christobal
Solóla
Milicianos
Para
Tanzitaro
Alfinger
Excrckios
Cara
Lis
R
Granville
Chicamocha
Pentecostés
Occi
Pina
Chicas
Ríos
Salomón
Longomiila
Vigia
Pacca
Arahuay
Fernandez
Vieja
Uchos
Humada
Antioquía
Juanambú
Sacramentos
Quesada
Resurrección
Autor
Cinti
Corregidores
Crique
Cuevas
Bervice
Primavera
Patagones
Genoves
Rabel
Sobrino
Ramírez
Tambur
Ruiz
Contravandistas
Ortiz
Pongo
Lcbo
Amil
Luque
Luna
Ocoña
Yucatan
Carapegua
Amacuri
Lecho
Pantejo
Ciudadela
Cinaguaen
Chanco
Espa
Brun
Maguegazu
Islotes
Hicotimos
Turicato
Asuay
Elota
Ovilli
Condorilk
Aguada
Batequi
Virreynato
Paeces
Potuvvmak
Ocros
Zochicoatlan
Zumpabuacan
Charps
Hervias
Chunchos
Huspallata
Atavillos
Sur
Quatro
Rrrr
Cochali
Pereda
Marquesado
Iluarochiri
Señorío
Iza
Tasmani
Court
Tlazintla
Fermoso
Hossier
Teanguis
Montañas
Ingles
Tortuga
Andoas
Topinambcs
Cascas
Chcsapeak
Waterey
Ascensión
Sinagoga
Pocoanca
Cánones
Monges
Paz
Herbes
Sangay
Daricn
Chiuloaya
Cauquenes
Orizavá
Uru
Capillas
Bri
Caldera
Jubileo
Nuevas
Cavalgata
Morcillo
Nemocon
Annapolis
Infle
Andalucía
Matanillas
Bonaire
Tais
Qrdaz
Atoyaque
Yucal
Jamaica
Char
Clf
Bacun
Tinguisa
Peñasco
Tampico
Canahoqué
Valladolid
Vivero
Pechelin
Pistolet
Vacas
Laso
r
Luya
Zaparas
Silliuvcnt
Misisagues
Vetancur
Boutin
Pueblecillos
Vicaría
Mata
Coruña
Ylo
Estrellas
Casiani
Tucumah
Portales
Bárbara
Huannquite
Tenientes
Armero
Estado
Wensminster
Falaiseyel
Olto
Nace
Béc
Nopaluca
Matlazahua
Andrés
Lauricocha
Mendocinos
Ampues
n
Ibicuy
Tapuyas
Maguana
Este
Cuellar
Banco
Falmouth
Ecatepec
Pizarro
Areyuctuquen
Barquisimeto
Quiro
Calaman
Tulanzingo
Tierraf
Pvrr
Soñera
Hontam
Cámara
Canches
Istmo
Puriticacion
Tanta
Tortuguilla
Pepeta
Llana
Evangelista
Cachicamo
Puxmecatan
Joscph
Tonalá
Alarcon
Maule
Salado
Siguenza
Autlan
Coellode
Soríano
Masacfauséts
Lobayna
Loja
Cumbassá
Pastos
Essequeve
Chichimeca
Terraza
Colonia
Brito
Higueras
Huachacalla
Ingleses
Guache
Vicia
Tierra
Metepec
Ostras
Sac
Akansas
Vírgenes
Gnopique
Itamaraca
Curumenes
Bocaneme
Chetu
Villagomez
Provinciay
Calderón
Tumbez
M
Perú
Villacanota
Tetepango
Putunuaucasi
Gabriel
Europeas
Isle
Guiriri
Purasicas
Purus
Xiximaní
Ana
Hyde
Aconcagua
Cantanapalo
Chichi
Pariguan
Gobiern
Sotavento
Cadereita
Urpin
Zúñiga
Pilaya
G
Chagre
Razé
Obitpo
Areco
Pati
Ojeda
Holandeses
Tacabamba
Xujui
Tibutana
Habrá
Uchupiamonas
Aman
Jesuíta
Feligresía
Enfermería
Guadalque
Pias
Salcedo
Atitlan
Imataca
Gramática
Lope
Chugod
Barreras
Chones
Sotomayor
Perote
Cordobés
Sáíiz
Rodríguez
Tupac
Matogroso
Queyapi
Dionisio
Yubamonas
Chriátóbal
Pasimoni
Maire
Coyairna
Mechoacán
Maiguatida
Tierras
Sowhcgan
Carmelitas
Quendi
Ursua
Espineira
Coleti
Vicarios
Barcelona
Rcsa
Infierno
Parral
Cocoyomes
Mechoacan
Santíao
Guayana
Pueblos
Pomallacta
Cozcatlan
Rioxa
Huaico
Aricari
Biobio
Pilpichaca
Mueva
Cádiz
Caciques
Ogelagana
Gerónimo
Couper
Lanchero
Toqvil
Guanapú
Chametlan
P
Farallón
Huailanto
Ousenquisneth
Piquiri
Regulares
Champotón
Sirugípá
Macará
Poico
Teresa
Velas
Goaierno
Balsas
Visita
Cachi
Pacajes
Eguille
Marilaud
Mediterráneos
Pal
Presbítero
Chibay
Socorro
Copiapo
Benavides
Jalcanta
Guardias
Guanacauri
Sobremonte
Calidonia
Puna
Gobernadores
Tucumán
Jcanes
Cosca
Huapay
Cártama
Montreal
Villalta
Asanco
Üjiba
Tarija
Cherokee
Cuilapa
Bonifacio
Suffolck
Instituía
Sapian
Gamalote
Charlestown
Colorado
Confines
Espoir
Concara
Peredo
Teología
Mamelucos
Xauxa
Guaitara
Noanama
Sotelo
Damasein
Baez
Egido
Yanguitlan
Fromesta
Sincholagua
Jamayea
Compañia
Tunar
Lat
Presidios
Gigantes
Needham
Huamelula
Canoa
Palma
Elechosa
Grenville
Flamencos
Arregui
Utavvay
Zupay
Paricn
Rosignol
Philipeaux
Mischispi
Iberos
Ú
Guanaro
Honor
Monasterios
Basse
Extinguida
López
Cerda
Maisamacs
Goayana
Quindiu
Zacatecas
Samaná
Punta
Choromoros
Lucma
Páramo
Arviza
Chetú
Cercado
Ciu
Magallanes
Chiquiana
Mataguaida
Bailadores
Sonsa
Pachas
Tutepec
Imágenes
Raches
Obispo
Zeogun
ú
Alvaro
Quinchias
Tíerra
Avila
Mecapa
Palio
Estados
Carichana
Pato
Chantre
Yumaguaris
Totoral
Peni
Saboya
Esequevo
Tora
Guipúzcoa
Familias
Piñancay
Gua
Anserma
Chanaes
Colegas
Vecinos
Cosaibo
Escritor
Navarra
Clerecía
Contumaza
Olleros
Surinám
Meehoacan
Iua
Pedroza
Cairo
Huavtla
Capilla
Badajoz
Caraveli
Lodcña
Mongaveira
Ñapóles
Matadero
Trou
Caiho
Andújar
Cuicatlan
Zuaque
Coutinent
Puertos
Ricardos
Otra
Carasa
Manzanillo
Quinquenio
Gallinazos
Guachipi
Coatecos
Paranapitinga
Imbau
Holanaeses
Acaponeta
Placer
Puno
Yubal
Atún
Carabana
Bernardo
Zapo
Pirapiti
Provineia
Nde
Zoques
Lord
Micer
Atema
T
Conaica
Paises
Piraguas
Balbaneda
Mercadillo
Xerez
Mataquino
Alto
Mazatepéc
Septentrionales
Tiene
Levantados
Pavón
Rivas
Peligioso
Centellas
Escobar
Pilala
Maldonado
Huérfanos
Sena
Chcsterfíeld
Burgos
Chillan
Cajamarca
Opositor
Palacios
Barón
Del
Andes
Escalona
Villaexcusa
Vasco
Gallo
Pacheco
Bomba
Uzaquez
Cao
Ubaque
Midlesex
Tepexilotes
Mai
Mauro
Isllamas
Wabtichc
o
Coimbra
Arcahay
Marca
Conquistas
Guardian
Incógnita
Fide
Corregidor
Bellln
Plata
Lemos
Lozano
Guarobin
Pacora
Coáguila
Ingenios
Capibari
Chileno
Gameza
Hernán
Cario
Baraxas
Baldía
Vizcarra
Asangaro
Montes
Virey
Jamayca
Churin
Cozamaloa
Cutnaná
Sangoiaco
Yaguara
Titicaca
Isabelica
Pampticoc
Montagne
Támesis
Cuchigaras
Aloes
Chiquisaca
Cotabambas
Huerari
Dañen
Johnson
Oviedo
Pinzón
Aguja
Caxa
Urupi
Pompatao
Caracote
Castelfuerte
Bancos
Arequipay
Busongote
Amapaes
Lagos
Xilotepec
Riche
Cerinza
Deseada
Bauruma
Gallion
Chrístóba
Pennycoock
Mello
Boston
Butolomé
t
Tuzantla
Chichicapa
Agustinos
Bretón
Merida
Alférez
Ixmiquilpan
Calzados
Pisco
Contocook
Mineros
Surinam
Xibaros
Invierno
Arvi
Ingenieros
Massachusset
Tcpeguana
Pasamayo
Atacarnes
Ashley
Condesuyos
Desparramadero
Ocampo
Pedregal
Putumaio
Galeras
Chacao
Pimampiro
Cinalóa
Dondon
Bueno
Larecaxa
Samiago
Tianorte
Correpimiento
Flores
Lázaro
Pimaes
Noodle
Pcdi
India
Otalluc
Colono
Betanzos
Chrisóstomo
B
Ilheos
Huelva
Mayoc
Kiskisacate
Paramos
Dele
Garci
Camarón
L
Asunción
Huaral
Paucarbamba
Añasco
Marañan
Socio
Sucia
Chipan
Clemente
Cartaxena
Pantepec
Porroquia
Acoria
Figueroa
Atitalaquia
Sagra
Dunatil
Guama
Ciénegas
Caios
Biamonte
Cofradía
Zamborondon
Marti
Pottel
Paraisancos
Con
Fernambuco
Arui
Caviusari
Irutiba
Pamploni
Chiscas
Cherakees
Guadalupe
Cul
Chichimecas
Beateríos
Pre
Yamboya
Jaimes
Itsmo
Caleback
Galeones
Lor
Osorno
Wadmoolaw
Taquari
Maese
Porongos
Quilcasé
Derby
Ocumare
Fuemnayor
Andahuailas
Síndico
Pirati
Savannach
Conocoto
Flibustiers
Giraumont
Melchor
Labore
Sabandija
Coyoacan
Pelavvare
Caballeros
Calzada
Gefes
Lector
Ribas
Parotani
Delaivare
Acobamba
Dun
Chicolapa
Almoguera
Checras
Fortaleza
Cajamarquilla
Paria
Riva
Ilha
Mendo
Pujayacu
Juipa
Yzaguirre
Caribaha
Tamberia
Provinca
Mboeri
Almirante
Presentación
Octava
Nucva
Cuchiguara
Arracifes
Luisa
Hiscotepec
Esequibe
Cochons
Cuchigara
I
Moura
España
Rentería
ó
Cuma
Alemán
Lurin
Guadalaxara
Europe
Crike
Tunxa
Frceholder
Upanima
Tatasi
Cuenca
Elorza
Sarmiento
Mártyr
Naos
Thatama
Lavaderos
Artículo
Aventureros
Sipatuba
Coadjutor
Tioloma
Zedales
Pointe
Tropas
Vireyna
Guasaquil
Candelaria
Teutila
Toachi
Jteligioíl
Mamo
Angeja
Catalina
Goyana
Vilches
Festividades
Italia
Pastelillo
Forma
Llanganate
Conhavay
Tepetango
Mollobamba
Iluaimalics
Guarochiri
Prieto
Cbllahuas
Sergipé
Caraimilla
Chifniral
Provincial
Pozo
Tapia
Paulistas
Puebio
Empera
Parroquias
Sangarara
Bariquisimeto
Guapa
Sede
Marcellano
Boriquen
Senet
Zelaya
Naphta
Baraquigua
Atempa
Guayabero
Pueb
Henares
Liman
Ddd
Batallón
Ordenes
Congarcc
Conde
Condoroma
Grois
Guadix
Osivego
Aves
Chira
Cuiaba
Véate
Leiba
Puxmccatan
Hueque
Hampshire
Guayaría
Tacsora
Turibuno
Difuntos
Antüles
Matina
Tombal
Yirey
Úmuc
Coninquiva
Pirámides
Ciudades
Caribes
Carlosama
Digesto
Atengo
Durango
Vichi
Ocoa
Serpa
Manzanedo
Zinú
Valle
Yazigua
Oficiales
Sanabria
Tultepec
Motezuma
Chaguaramas
Mateo
Correa
Capital
Araure
Chancay
Gaüfornia
Poblador
Cirti
Cornelio
Azúcar
Chimbo
Yapizlaga
Naturales
Penipe
Tenamaztlani
Cavanillas
Cumaiaris
Yorck
Yacuma
Sarábia
Candado
Ovapoco
Muxica
Cala
Aresti
Daza
Caballo
Lebríja
Yaguapiri
Maestro
Islas
Ayotitlan
Paraguai
Catoa
Portorico
Viñac
Gobierna
Mosquitos
Renayco
Zopilotes
Balboa
Huaina
Ranouus
Tunquichisgua
Septiembre
Turbio
Vice
Coussa
Oculma
Tarapaca
Andia
Indos
Portugués
Capitán
Caxacai
Arávida
Vicario
Coari
Nortes
Viana
Virginia
Tlapacoya
Misioneros
Rumi
Godos
Uruapa
Cayapas
Theotihuacan
Xarayes
Padoan
Oliveira
Universo
Chunchasuyu
Residencia
Soberana
Gobernó
Guaraní
Sagrario
Sahagun
Ccballos
Puruandiro
Teño
Guanajo
Uccubamba
Ipenin
Islctas
Andrada
Gente
Navio
Hospital
Blackrroc
Calpi
Capita
Coatcpec
Ancamaris
Cataj
Filadelíia
Jeremías
Mazupes
Aruni
Montañeses
Pastaza
Dragones
Oruña
Jacunda
Meridiana
Perquilabquien
Casivindo
Lambrama
Yauli
Feyno
Metrópolis
Goanava
Cocoyan
Spright
Beata
Joseph
Sombrerete
Roberto
Longitud
Carabatang
Drago
Tacaibamba
Óvidos
Samuel
Aldea
Húmase
Femando
Portaceli
Polígamos
Chimu
Licapa
Otatay
Marigot
Biblioteca
Cansino
Argandoña
Virgen
Fiol
Mulchen
Pantaleon
Cabuya
Tombay
Tumbaco
Chatas
Baxos
Cañete
Reli
Cancillería
Estrecho
Noadan
Diccionario
Jachal
Barcas
Hernando
Xexuy
Jaén
Pampacucho
Sion
Cauca
Confesor
Conecticuit
Cordiiiera
Qaariana
Sibauri
Apaguata
Articulo
Aruacas
Agiqua
Cumaypi
Mir
Picacho
Arevalo
Carajais
Sigüenza
Solano
Herrera
Herradura
Suí
Septentrional
Lugares
Guapaca
Christóval
Guiméo
Curaran
Cochabambas
Corixes
Can
Oíd
Llautan
Pilcomaio
Sisal
Pirang
Pedraza
Puchacay
Guardia
Testú
Sinaruco
Main
Mohaukis
Tribu
Paredones
Esquibo
Puetla
Villas
Fourches
Candía
Isas
Chiloe
Copenague
Tenozic
Tepcaca
Corregmicnto
Cangray
Bush
Croix
Paratinea
Caicos
Zitepec
Istapa
Goatemaía
Pars
Nevis
Lisboa
Curimon
Vilcashuaman
Mariscal
Barzana
Extrecho
Guaillabamba
Euphase
Chiquianas
Obispados
Scimugaes
Nieva
Nevada
Flitusúers
Amoguajes
Sierra
Juquila
Cachavi
Manoa
Tin
Taliscona
Caimanea
Chesapeack
Herbae
Muelle
Latios
Ipane
Olea
Roxas
Levan
Cañada
Chisca
Mizque
Cuplicos
Aguirre
Pilcomayu
Honduras
Casas
Púrpura
Uruapan
Curucay
Larccaja
Barbada
Crespo
Peritú
Pinoteca
Rosario
Juertes
Coautla
Pachaconas
Gayes
Zuaga
Senado
Guaya
Diputado
Cajatambo
Turnebamba
Cozos
Monepieux
Sarara
Guaiacocotla
Capí
Angas
Janos
Cambridge
Icupa
Bois
Cabe
Alanje
Cuernos
Miracaibo
Musu
Ticíla
Ciudad
Guaporé
Europat
Inmediata
Ccpazos
Apute
Almadanetas
Masteles
Melipilla
Carbet
Paramo
Milpillas
Araya
Sambro
Falkland
Otro
Bohorques
Ibita
Oyapoco
Perj
Curatos
Hanam
Briza
Tecali
Ucuntaya
Laguaciná
Chagovamigon
Quiros
Tota
Guanico
Verapaz
Tecaxtepec
Tezcoco
Machangara
Pacages
Gue
Man
Roques
Báhb
Hermandad
Zamborondón
Olano
Jttagal
Otalora
Busanis
Iñaquito
Sicasica
Betas
Cabeza
Antilles
Pie
Miamis
Franciscos
Acapulco
Imagen
Aruv
Colon
Guerrero
Rinocote
Valdivia
Orador
Rozís
Huantiapa
Tola
Jocobo
Arque
Sao
Alar
Cusibamba
Monasterio
Guajuapa
Cocomas
e
Pucaguaita
Huaylas
Aragoneses
Guabiare
Navitoos
Grand
Longoribo
Basilio
Nandui
Ponce
Cayana
Tlacotepec
Ypoba
Espeja
Ayapata
Tinta
Esranzuela
Achacache
Poguatanquaton
Corregi
Truxiílo
Calcara
Fspaña
Lanzas
Nizao
Metropolitana
Mextitlan
Barata
Lanhuy
Yrimbo
Tixtlan
Zimiti
Reginaldo
Rosella
Tarasco
Texmelucan
Seño
Tucapel
Baltasar
Corcobado
Cuernabaca
Chisekaws
Guachipas
Metau
Hurón
Araucanos
Nadadores
Vívora
Guamoco
Muitacu
Fuenclara
Ques
Pen
Camapua
Tacazuruma
Chiriqui
Saguinam
Cocona
k
Porsobre
Cocentayna
Sonda
Ymasá
Barinas
Airihuanca
Verdes
Dique
Lodo
Alcalá
Aceytes
Sandías
Straford
Comendador
Changos
Ciudael
Quillota
Petates
Roca
Brazo
Guapique
Chiriguanos
Vica
Pávila
Arantac
Irumpo
Chartrain
Salvages
Caillon
Cos
Virrey
Carguairaso
Guillelmi
Azuaga
Clarendon
Melgarejo
Román
Parien
Yunguilla
Ytenes
Díaz
Tenalzingo
Guazimiri
Taraumura
Angoras
Yauca
Tepeaca
Largo
Buey
Seco
Lusia
Maurepas
Ambalema
Piguena
Agujero
Rodrigo
Inginas
Manuel
Pequeño
Ildefonso
Picoler
Tetuan
Guachinango
Caluma
Playón
Chambirá
Baptista
Borma
Tatave
Cinagua
Faxardo
Yallah
Alfonso
Diez
Cotopaxi
Oumaná
Jacobo
Vieira
Vizchongo
Latitud
Zumpahuacan
Anzures
Pequima
Poveda
Ortega
Imán
Ubuquara
Almacenes
Ssss
Porcon
Martiniere
Desierto
Pequeña
Sapola
Valero
Tarata
Nasca
Huauchinaní
Ocios
Mártir
Andalien
Curituba
Misigagues
Paii
Chontales
Españoles
Magallanicas
Camosin
Chocó
Akankia
Tuyú
Alausí
Bra
Caxatambo
Pereyras
Huanacache
s
Chinchín
Parime
Zacatlán
Olandeses
Cari
Levante
Juliano
Españolas
Cuio
Labor
Pachuca
Corquemar
Tupinambos
Lazarraga
Londres
Tttt
Bastidas
Lara
Predicadores
Río
Faro
Truchas
Hhh
Chixila
Mari
Matías
Qui
Castors
Garcia
Pago
Pascagoula
Nue
Mussisipi
Piricay
Elguezaga
Mataray
Ciranhaya
Nonsun
Oapan
Caracol
Chingoteag
Nicaragua
Moguegua
Chucuito
Estoraque
Llamas
Guayara
Acadia
Cutawa
Sinapuco
Misión
Potovvmack
Graven
Paraná
Colate
Zongolica
Abades
Mocoa
Puquina
Acari
Copiapó
Cariada
Grita
Gentiles
Nal
Ncon
Tuspa
Labranza
Mijancas
Torres
Islesia
Iglesia
Cristoval
Bariqutsimeto
Pctite
Conedagvanet
Estanque
Chambi
Tlaxomulco
Ángeles
Atacamos
Larraspuru
Cuyaba
q
Cabrera
Forjvvar
Caberres
Qqqq
Sarávia
Tier
Piloto
Chibé
Birbara
Amortajado
Guimeo
Maluinas
Páramos
Empe
Curigueres
Curato
Romitorio
Canadá
Villaroel
Capulalpa
Holguin
Occidente
Ele
Natural
Ouito
Sapala
Hondo
Bajo
Cueva
Betancúr
Llanos
Tagaris
Fff
Neyba
Aitnaraez
Cuidad
Madrid
Temblores
Pita
Aulapi
Jlanurns
Cicasica
Campo
Funes
Estapacha
Zumpango
Chancas
Caram
Chitaga
Conventos
Diego
Curas
Middiese
Vero
Religioso
Chinatos
Febrero
Collerón
Maracaibo
Calidonía
Pericia
Panches
Laicacota
Delawarre
Comerciantes
Humphry
Limnry
Lloque
Xalcomulco
Asis
Jujui
Boieraco
Baluartes
Esperanza
Chacón
Cubigies
Dominico
Pirata
Mexía
Saenz
Martinierc
Galicia
Jordán
Miahualtan
Tigre
Machigan
Ampucs
Ferrer
Ramirez
Fidelísima
Baraza
Serna
Boreal
Góngora
Z
Carilile
Bugia
Corregimien
Misque
Cibao
V
Señoras
Vayssaux
Gobierno
Caraima
Aprovaca
Huipuxtla
Parro
Toromas
Mexiícaltzingc
Tirindaro
Ossorno
Lucía
Cucaña
Playas
Puerro
Prelado
Religión
Pintac
Tarazona
Repocura
Cabeceras
Matagalpa
Chanque
Guapay
Little
Ciego
Tenanzingo
Cedro
Andajes
Martitiniere
Talayera
Tirahá
Zarza
Aracoa
Capiry
Yamari
Mole
Casipa
Colotlan
Quaquez
Cholula
Caxamar
Charlesforr
Canal
Maraño
Iquitos
Seara
Zítaquaro
Cumaná
Montevideo
Flota
Mazarron
Broquel
Urriaias
Rioja
Anzuelos
Amarumayu
Berbería
Zacapúla
May
Satovis
Sarava
Suerte
Pobatini
Portuguesa
Canciller
Guaxayaca
Yxhuatlan
Reyna
Ixmiquiípán
Bravo
Gutiérrez
Muy
Meta
Tecoriona
Vizcainos
Cristóval
Ibarra
Zipas
Hamsphire
Zaiula
Queretano
Sal
Mamoré
Funza
Tontones
Manso
Pasagc
Fidalgo
Wateri
Segunda
Maita
Boca
Milicias
Cirindaro
Harihambá
Ynagua
Roterdam
Geneiro
Cocupaó
Mompox
Chalhuahuacho
Hoandescs
Guamachuco
Ghio
Nirúa
Rans
Pugni
Higney
Cupayan
Perucho
Nazareth
Olaga
Saratoga
Novo
Kenebec
Alburquerque
Tobar
Guailas
Amboy
Tlajomulco
Raye
Regis
Tarrapaca
Ene
Boica
Hornos
Catálogo
Truxülo
Yuna
Cañaveral
Xicayán
Nmva
Pijaos
Duques
Nelson
Mohosa
Juanantar
Navarro
Chilapa
Guarmey
ü
Arequipa
Chiribogas
Muzos
Andiade
Huanajue
Tepaltepéc
Atacama
Magallares
Chumbivileas
Molino
Papalotipac
Amasiruines
Reguera
Golf
Escandon
Mota
Iva
Lamego
Agustin
Norueña
Huamachucos
Zavuia
Bastican
Cunivos
Morin
Mayorazgo
Cordilleras
Damián
Población
Pintado
Goatetnala
Eremita
Noroña
Tapados
Gualeguay
Montanas
Cachupines
Moquchua
Popayart
Relación
Chiquillancs
Madelaine
Catabahú
Piovincia
Chama
Milicia
Otavalo
Wanda
Pungaíá
Galibis
Pilar
Sacaca
Cumapi
Hhhh
Cliinchipe
Isla
Guaxiros
Barrio
Iqueine
Pocoata
Auditor
Sogamoso
Galera
Mizantla
Minas
Tantoyuca
Móntelo
Gamote
Liusiana
Segovia
Vechi
Puebiode
Guamanga
Gorrichategui
Colcha
Cié
Sola
Coropa
Moquehua
Tamazunchale
Ixcateapan
Daule
Pennycook
Maftiñony
Calien
Pirita
Canela
Pedáneos
Plasencia
Pueblecillo
Aragua
Ysland
Mauricio
Ballenas
Campeche
Fogones
Toliman
Aullagas
Comuta
Palermo
Cabezera
Propios
Ermitas
Sauces
Cayóla
Poeta
Paquebotes
Tumucuraque
Tetas
Otomacos
Metepeque
Gante
Numballa
Tangier
Aldape
Ecatepéc
Panamá
Bahía
Aporoma
Abancai
Teteolnaaloya
Isia
Majaviri
Presidencia
Mollinedo
Chaqueta
Jumata
Itari
Callao
Diaz
Qqq
Labrada
Cotoparazo
Torren
Grands
Chimborazo
Naranjo
Coroneles
Otávalo
Pikomayo
Ruiseñores
Yauri
Lin
Azamor
Cinaruco
Upiens
Presidente
Savanah
Parimc
Maran
Gótigora
Ranchillos
Cocamas
Quispicanchi
Compostela
Viüa
Betanzi
Urabá
Marques
Fray
Igau
Tambo
Unáis
Andamarca
Salta
Pinola
Claro
Guananaquaes
Uré
Marzo
Escudo
Oñez
Akáldía
Chilia
Lagunas
Santísimo
Pimeria
Almendralejo
Irala
Bobos
Chepillo
Laquiaca
Mochicauchi
Artillería
Sureau
Viliagra
Baradero
Pinotepa
Gale
Jurisprudencia
Zamora
Ureta
Parami
Chiguaga
Tonal
Xacoces
Administrador
Felipel
Chao
Huanta
Paruro
Delfín
Hurtado
Espinosa
Tululvi
Wiloughby
Challapata
Cravo
d
Outardes
Caruguampú
Palus
Jeribocas
Oropesay
Pciroco
Tlaxsasalca
Maypo
Icahuates
Micos
Fluvanna
Palmito
Buono
Goyaves
Belleisle
Castro
Capitanejo
Atrisco
Guarabi
Palafox
Aviles
Emperador
Capuchinas
Cii
Antioquia
Inambari
Giros
Alangasi
Piedad
Unare
Morón
Palmas
Zona
Truxilío
Jeneyro
Pizarros
Yanac
Hatibonico
Chepo
Combayá
Yaraqui
Nicoperas
Sandoval
Chitaraque
Dominica
Maynas
Buffie
Callaqui
Mexicano
Ynahuaya
Turotetama
Huaro
Puesto
Yxtepexi
Alcaldía
Potcl
Calabaza
Condocondo
Jurisdicción
Pira
Peritoes
Yauii
Oiapoco
Cayo
Iluariaca
Lérida
Cuyuni
Puercos
Trombetas
Nexapa
Tundama
Pimentel
Carpió
Religiosas
Orozco
Enfado
Cerra
Zacrezazipa
Bañado
Stoughton
Cabras
Esquilache
Cariaco
Demonio
Otoque
Esmeraldas
Badillo
Valladoüd
Gurintar
Tapú
Brandwyne
Coronados
Ayum
Tunta
Larecaja
Pérez
Omasuyos
Alexandro
Tacna
Puertoseguro
Señor
Xalapa
Papaloapan
Casi
Surampalte
Chulumani
Pensilvánia
Sagadahoc
Lerma
Luhkm
Calla
Malta
Cuiloto
Mezcal
Magua
Feliz
Biobió
Laches
Catalanes
Guaticas
Puer
Visitadores
Lucanas
Carolina
Carlisle
Herboso
Yumeri
Agna
Popavan
Spiritus
Arcas
Chumbiviieas
Ivari
Zacatlan
Villarica
Molleda
Deaií
Canónigo
Someldick
Aytitlan
Pulpito
Tacuragua
Locke
Zuloaga
Tarqui
Cui
Parcuipasa
Prado
Mayre
Tcpalcatepec
Tisono
Joanes
Alonso
Isaperices
Barranco
Airahua
Toquistineses
Morro
Sale
Imprenta
Rell
Xicula
Xonacatepec
Ahuacatlan
Cuba
Juna
Azúa
Ancutercs
Culebras
Asángaro
Ingeniero
Chinos
Yaruba
Guajayaca
Ijl
Bouger
Lezo
Paita
Tello
Arévalo
Junio
Pungullayacu
Córdoba
Ucyno
Ipau
Ion
Bellin
Isauria
Puente
Sep
Huyllanes
Chalco
Tepcxpan
Ó
Yauna
Limones
Tunuyan
Gibraltar
Arguelles
Triste
Mayos
Talbot
Tecoantepec
Luisiana
Tames
Quebcc
Estrada
Farallones
Aitotonca
Bexucos
Popayan
Almas
Noviembre
Cuerpo
Mida
Gaboto
Cha
Horida
Becas
Bagnalls
Coquimbo
Cayetano
Valdelirios
Patucket
Estancia
Dos
Vega
Mojos
Cri
Sarare
Corvcda
Fusagasugá
Cali
Tucuyo
Cacalotepequc
Artículos
Micha
Ncxapa
Comas
Cristóva
Chumbivilca
Monjas
Mocha
Neus
Soto
Maza
Muris
Periban
Peregrino
Yaguarcocha
Chacu
Religiones
Cordillera
Vísperas
Parroquia
Palos
Primero
Sinipá
Pandabequcs
Stuardo
Chunchilca
Moiobamba
Bainet
Guana
Diputados
Padrón
Chiguagua
Fuchuela
Selva
Itazú
Maryland
Coyame
Capagu
Tayc
y
Palenques
Seivec
Arboletes
Araujo
Choapa
Portar
Barrcto
Meridional
Fuero
Quiñones
Parado
República
Chupadlos
Mediodía
Tiburgo
Obando
Toribio
Eguilúz
Doce
Buenavis
Sara
Omacho
Magistrado
Pampamarca
Brocal
Xauja
Málaga
Pauxis
Pacifico
Cotoche
Campanchin
Parcido
Rupert
Neiva
Gefc
Curupatubas
Heredia
Maltrata
Mecapaca
Oüúano
Concilio
Codrington
Aicos
Guarda
Uquitoa
Comercio
Huayaneco
Zapote
Iraibi
Huamaiies
Ladrada
Cicayuri
Andaluces
Acamon
Winepisiocho
Consulado
Mascareñas
García
Roxó
Asesor
Aija
Penco
Massacre
Esmita
Fíudson
Alcaldías
Patutes
Gelder
Granero
Ancheta
Guampa
Arzobispo
Tominá
Melón
Chacras
Caleta
Aldeas
Caballería
Guisando
Condesuvos
Mcxico
Dignidad
Llamelin
Nirua
Soledad
Vülacastin
Orape
Hudson
Saña
Sas
Guadalcázar
Paredes
Piastla
Vacarima
Bretaña
Rawleigh
Guangapolo
Cazanare
Saba
Jujuy
Mayordomo
Ipapuisas
Cochino
Tunguragua
Trinidad
Barú
Rangel
Miguel
Nilahue
Inglesas
Rock
Tacuba
Alguacil
Malbar
Carangues
Tunja
Gongos
Procuradores
Lamas
Panataguas
Nichigan
Príncipes
Sabloniere
Cedar
Izatlan
Agreda
Atracto
Yavarais
Caylloma
Marecouin
Laimes
Miskouaikane
Aduanas
Arzobispado
Estos
Cayena
Eyou
Vazabaris
Lorococha
Parati
Collados
César
Guazaiparo
Mércalo
Frontera
Yquesque
Puni
Humos
Ser
Pro
Xaragua
Urcos
Montiel
Jacuaron
Oidores
Superunda
Sacapa
Ulúa
Madoc
Criollos
Países
Mente
Ucavale
Xochimiko
f
Linda
Burgados
Camama
Yungay
Canarias
Segundo
Cotabamba
Quininay
Viüdra
Pulques
Quinquina
Yacume
Návia
Cruz
Neiv
Yupanqui
Letrado
Pallasca
Monteiro
Negre
Baydes
Cochoapa
Xuxúy
Challabamba
Lenguas
Tortosa
Andahua
Vela
Lengua
Grandes
Regalía
Catedrático
Piramidales
Conchos
Monge
Tolpan
Anticosti
Jalaba
Savanaah
Citará
Larecaia
Inca
O
Condes
Algodón
Dorado
Nanduygazú
Ambolayma
Inojuclo
Promovido
Temíscaming
Barrera
Carmen
Jesús
Coscomatepéc
Misisipi
Bayari
Tucuman
Salinas
Xalacingo
Artes
Pilcomayo
Locos
Templos
Cano
Portovelo
Browers
Raya
Maiñas
Luvres
Potosí
Bracuaenda
Muertos
Mangas
Tegoantepec
Lampian
Infontcs
Sirca
Chico
Machache
Panzacola
Atlán
Tali
Mextitlán
Molle
Reviro
Carapana
Natividad
Cristóvalde
Madocro
Petcrs
Regalares
Francés
Cuernávaca
Cárabes
Huaitara
Christo
Xavara
Vegas
Xercz
Barbacoas
Cementerio
Francesas
Condebamba
Suchitepecv
Jorge
Gasea
Travesía
Lusiana
Trexo
Perija
Curso
Hermano
Vilques
í
Curaseni
Vüi
Silan
Mala
Gato
Cava
Inojuelo
Ggg
Madera
Guáranos
Mira
Macapa
Chirakees
Saladillo
Templo
Berenguela
Ü
Indiosde
Moxos
Movila
Reyeo
Lencaster
Plazas
Chesterheld
Maenza
Bula
Lihuay
Sahuacario
Cumanagoto
Peréa
Yamparaes
Abipones
Ingré
Potan
Motines
Cabo
Patos
Capitana
Jiabitan
Canas
Remedies
Mantilla
Curuay
Choquecamata
Cuernavaca
Inquisidor
Rivieres
Marinalco
Disciplina
Escu
Zavala
Magallaues
Roxo
Huizapula
Observantes
Montalvo
Alaminos
Llano
Gueguetlan
Nuisi
Piedras
Femian
Coló
Abide
Turbaco
Mmmra
Tugelo
Fusil
Coz
Colegios
Osorio
Ñuño
Yetasco
Confluente
Iguala
Amazinaque
Perico
Putaendo
Almeida
Umaya
Brasil
Xagua
Jochimilco
Paragua
Religiosos
Xiquipila
Rej
Libón
Angaraes
Era
Propietario
Navios
Pppp
Sabanilla
Challana
Cuquimpi
Cielo
Nnn
Deidad
Mechicor
Laris
S
Fomente
Dinamarqueses
Thchacan
Itamaca
Mayta
Plaisance
Tucupu
Tiquipaya
Budi
Coíta
Las
Naeion
Nuera
Yocare
Macanazos
Mistepeque
Ubilla
Bubierca
Macarulla
Alcántara
Iguy
Simancas
Cnpulalpa
Fcrol
Pachachaca
Gairá
Amecameca
Principado
Toabre
Mendaña
Corregimíen
Angostura
Chiliquin
Missouri
Sta
Gayrá
Nuñoa
Omasuios
Pataz
Santee
Texeda
Mulatos
Serena
Tucumare
Uam
Comapata
Diócesis
Balzas
Susquihanna
Tribunales
Iscanzé
Animas
Alibamones
Nogales
Huan
Potownivele
Seminario
Alentejo
Percipe
Goochland
Quebec
Sommet
Sabana
Lerena
Texas
Chiquian
Morne
Obiitas
Bella
Vicente
Culiacan
Apóstol
Atalaya
Keynos
Matar
Rey
Concepcion
Iñigo
Burlington
Yncas
Acarigua
Mogoles
Toro
Marta
Chau
Almadrabas
Chia
Estepa
Mañano
Banderas
Coe
Horcasitas
Bervi
Isl
Zoyaltepec
Portugue
Ancores
Lago
Lujan
Monterrey
Decreto
Jauregui
Belethmitas
Manao
Medina
Cunace
Baxa
Lucas
Moneda
Terraoova
Ixtlahuaca
Junient
Caballa
Acatlan
Rache
Nuncio
Lasarte
Missipinac
Mainas
Tejas
Castellanos
Universidades
l
Chiquitos
Duna
Salvatierra
Holandés
Misioneras
Arvacos
Paraiba
Tigres
Xacona
Landgraves
Purase
Proba
Santiago
País
Jundiaya
Acazingo
Cautivos
Examinador
Izucar
Chinantecas
Guancaveiica
Caletas
Chinantla
Hacas
Plerrnida
Gorgor
Paztepec
Riobara
Sangallo
Pludson
Monclova
Thehuacan
Mages
Norte
Ballena
Director
Calcamayo
Indirs
Ervia
Misionero
Chichas
Anclote
Calchaqui
Villages
Xicúla
Caramanta
Chillaos
Thuansi
Ttpactitlan
Chiloé
Indias
Jnismo
Providencia
Siwanscut
Casanarey
Matuna
Francisco
Lircay
Marigalante
Fort
Rumulhue
Oropcsa
Tari
Austral
Estandarte
Guavaquil
Cochangara
Chuquiavo
Long
Kent
Topia
Santísima
Goachigoayan
Choquipoglio
Extinguidos
Puntas
Tepaxtlan
Namballe
Briones
Yguan
Ucayale
Conchita
Bellaca
Cabral
Pedroso
Popantla
Meridionales
Mendoza
Taraumaras
Veinte
Pucrtorrico
Tulazingo
Mezquital
Vene
Pamticoe
Juez
Provisor
Quiatoni
Corree
Lambaycque
Raninco
Paraguas
Pacasmayu
Tlacoluca
Cahuanca
Misísi
Suesca
Portobelo
Minayo
Saguanmachicá
Masparro
Cerdeño
Brevvster
Paeblo
Fuertes
Provin
Soro
Inglaterra
Ssn
Santi
Arecpagita
Zayulaen
Nuflo
Pituhuanca
Quixos
Tahogale
Kegro
Caroli
Parién
Doctrina
Comitlan
Negra
Europa
Pequest
Quindio
Hermita
Colotlán
Chío
Sihuas
Conquista
Robles
Chilques
Veedor
Calatravá
Tacopalma
Canseau
Ubite
Camurica
Pelavvar
Guaínaré
Monte
Copper
Muktos
F
Dolores
Paris
Saravia
Cucrnavaca
Huancabelica
Maizi
Yauyaugani
Apena
Cartago
Estudios
Miranda
Antón
Villacinda
Mercedes
Bailiages
Provineias
Laraos
Pachacamac
Guadaíaxara
Xau
Reymo
Prior
Moatejo
Limoneros
Guiriol
Montiano
Sangolqui
Tinaja
Confesonario
Clérigos
Lisie
Jama
Paucarcolla
Domingo
Velazco
Concón
Mamoni
Torbec
Cliilapa
Solfatara
Nata
Cayro
Cumberland
Canamea
Donjuán
Cuzco
Huáscar
Dávalos
Ótoca
Partido
Alvarez
Toropalca
Oünalá
Ayuntamiento
Llanuras
Micas
Versalles
Chapala
Bor
Riswick
Consuhatche
Huachos
Cesaré
Caxainarca
Guanipá
Atures
Chrrstóbal
Itimo
Vizcondes
Chaupic
Tamazunchaíe
Ron
Lampa
Yetau
Malaguas
Machado
Inspector
Víctor
Annacous
Vargas
Curitaba
Obispos
Quauzoquitengo
Moqui
Chumbivilcas
Sangallá
Acomayo
Nejapa
Fedreman
Chota
Polo
Panfilo
Guzman
Perle
Buenavista
Putucket
Los
Vülamusar
Gonzanama
Jeras
Yaqui
Encomienda
Antilies
Yquen
Baltirnore
Cainaná
Village
Monteverde
Paccho
Ayres
Trasmontano
Huanacapi
Elenisa
Blasco
Maraca
Caballero
Guayazas
Venerable
Tuzcacuezco
Supremo
Tariná
Tonusco
Casanate
Guasqui
Bacanuchi
Oña
Harvard
Chumulco
Ximcnez
Valparaíso
Choler
Cumaní
Surco
Sebasos
Heremite
Igarasú
Oooo
Vizcaynos
Altotonga
Teniente
Churuc
Nocupetajo
Cédula
Maya
Pedro
Cubagua
Segura
Jadquin
Shenininghfbrt
Piritú
Dumerosa
Coquindo
Cavayama
Leonor
Avellaneda
Berbis
Baronías
Cansó
Vertiz
Jurista
Valencia
Gusmagis
Agustín
Tupisa
Aullaga
Fuerza
Marocmarca
Paucartambo
Pomabamba
Comisario
Mamora
Palomeque
Caxitlan
Bridgetown
Juana
Armendáriz
Plaza
Oglctorp
Tucüman
Zacapula
Aprovague
Remon
Pirerto
Vizcaya
Pomacocha
Guaura
Selem
Georgias
Raisin
Goa
Ceballos
Fiscal
Coeta
Vestigios
Chaqui
Corona
Habana
Ixlahuacán
Ancamen
Lodos
Macomes
Salazar
Vaca
Lonia
Martinez
Sence
Procurador
Ciénega
Quilca
Chicuito
Cama
Nechi
Chachapoyas
Capellán
Compañías
Taximara
Bartolomé
Almaguér
Oratorio
Feliciano
Loaisa
Maxano
Leal
Páranos
Cuchibara
Sevilla
Longotoma
Portugueses
Cavari
Angra
Cauten
Capitanes
Pajonal
Genibabú
Toneladas
Belén
Villafuerte
Mizquiaguala
Pió
Cabecera
Ancobamba
Escocia
Charcana
Canabata
Policía
Estío
Maraques
Pevas
Estrechos
Cariputangas
Bogotá
Atüstac
Sucumbios
Mercenarios
Uruguaypita
Yetla
Latacunga
Corneliana
Dimvidye
Huaiama
Correg
Grana
Itsmfo
Aza
Totontepec
Sacerdote
Tecpatitlan
Caillou
Hiera
Jas
Auñon
Schenectady
Huallabamba
Duero
Corentin
Pasage
Condado
Apurimac
Pehuenches
Ibiguay
Ecors
Cuy
Jamunda
Isabel
Unquizia
Lalanguso
Casaus
Gil
Albania
Chicapa
Cascada
Curaguasi
Tepexpan
Iliaqui
Guaueab
Fabon
Alcalde
Depositario
Venegas
Ermita
Fuerte
Barlovento
Conil
Cailloma
Treinta
Tudela
Cinaloa
Burgay
Llurin
Meulin
Tercera
Amezaga
Sack
Muñoz
Mesa
Icaguates
Tambos
Ama
Idolatría
m
Villamisar
Cuman
Compañía
Capot
Mar
Legaspi
Paulo
Chumbilla
Cal
Monreal
Iglesio
Belle
Indio
Huanmachuco
Pclayo
Terr
Macio
Quimixtlan
Quintanilla
Macuacuari
Arvari
Artilleros
Penonomé
Potrero
Tabago
Agualey
Trinité
Mapaztlan
Espeleta
Inambary
D
Mon
Chensbcsec
Temascaltepec
Álboapioni
Canapces
Mula
Baliza
Xareves
Montoya
Ligua
Merced
Uvia
Costa
Milpi
Guangopolo
Ciencias
Xonacatepéc
Malucas
Jong
Ours
Belzares
Cotuche
Moxo
Coroico
Zozocolco
Paytilla
Ynabavú
Murga
Guatapori
Anson
Amancay
Señora
Perro
Corazón
Amargoso
Caguán
Villalpando
Yllaló
Arzobis
Bueran
Serranía
Min
Tomenelú
Casrouge
Castroverde
Sarita
Quechuas
Barra
Monangahela
Haven
Barrizal
Coyaima
Argente
Igualapa
Suarez
Amayapampa
Moncíova
Paucura
Granada
Caxainarquilla
Bombón
Poriovelo
Menendez
Neri
Bitrian
Acosta
Florida
Colegio
Idioma
Colliton
Temascaltepéc
Triana
Saspoy
Pana
Alcega
Garcilaso
Tucapeles
Porco
Bomnias
Santaren
Piños
Diluvio
Altar
Patia
Chía
Invenit
Candad
Guasapuino
Uruparate
Mcdiodia
Cupira
Vide
Chumbe
Cochabamba
Paravari
Aíallama
Fronteras
Estrechura
Saldaña
Catch
Licenciado
Camiirigi
Nauta
Tacunga
Tiririco
Evangelio
Montagnes
Ubila
Buenaventura
Llaquas
Macuri
Ovando
Portu
Palacio
Upar
Ojacastro
Canuris
Madroñero
Chicos
Arica
Guayacocotia
Mendieta
Católicos
Septentrión
Vasconcelos
Canapia
Monarquía
Creék
Itán
Marajo
Puertezuelo
Reme
Chayanta
Catedr
Guarey
Irois
Morere
Dominicas
Lezard
Alcabala
Catacumbo
Bohón
Yau
Muertes
Nabajoa
Arrecifes
Chati
Cañas
Peregrina
Montemayor
Bucareli
Recogidas
Azuela
Sencré
Cacha
Ustariz
Larache
Iluaipurú
Infantes
Canelos
Tian
Huere
Duran
Mariquita
Cosíta
Rhode
Auriga
Casma
Calatayud
Condensuyos
Copia
Dios
Recoletas
Fuego
Ynambari
Pelingara
Alausi
Jeneiro
Mexilcaltzingo
Cata
Tohíca
Oradores
Bello
Inobú
Chamaletón
Enseriada
Asia
Loreto
Catury
Recisto
Marina
Matagroso
Xeréz
Ierre
Consolación
Contador
Chispa
Fuenmayor
Cajones
Atlántico
Ximencz
j
Buena
Beetle
Isidro
Amulaes
Christch
Masachusets
Pygvvaket
Putumayo
Capanabastla
Priorato
Iguari
Meschagamisii
Summers
Cavilan
Granaderos
Guane
Hlihh
Teutalpan
Artibonito
Pensilvania
Guejozingo
Iraca
Nebros
Bergantín
Xuxúi
Guarinumas
Bosques
Acoriá
Camatá
Tinguindin
Bodiguas
Pampas
Tomina
Valdes
Ures
Ibarraj
Acayuca
Collahuas
Aguapey
Arbacas
Luis
Chilc
Cagigal
Idiat
Cunuries
Liñan
Pío
Topliquillos
Pastuza
Rouge
Voudepiques
Escollos
Pando
Jecudahue
Peña
Pachini
Mercader
Aroi
Paraviñanas
Conssets
Mosina
Valles
Huasca
Cartaxe
Jazegua
Amatiau
Chuquiahui
Fué
Toca
Llapo
Tineo
Dean
Cutini
Camaratuba
Labrador
Lia
Collay
Píesidcnte
Tíoloma
Chilona
Lucayas
Orcacocha
Grijalba
Colina
Madre
Naval
Viracocha
Orituco
Cárdenas
Xicayan
Bruselas
Leda
Hovve
Chuica
Aznacolca
Estanques
Rimac
Guandes
Tic
Atlatlai
Tun
Esquivo
Calca
Xaraquemada
Albarracin
Combaya
Escritura
Benito
Sayani
Puertorrico
Inválidos
Teocuilco
Samaca
Zultepéc
Kenelm
Maulle
Milagro
Junquera
Guachicono
Hamaca
Misiones
Coras
Guillermo
Barones
Viernes
Primogénito
Otoño
Teólogo
Pamplona
Guispicanchi
Octvpnn
Racioneros
Prciidente
Rumiñavi
Cocomorachi
Vilcas
Linea
Tuichi
Una
Filósofo
J
Utrech
Ostimuri
Turco
Zipaquira
Tapuonga
Christi
Oüispado
Topinambas
a
Jauxa
Yautepec
Pilcomavo
Foreland
Sepulcro
Cheraquis
Catamarca
Synodo
Tanja
Nansemond
Pisque
Arrióla
Nava
Pucbio
Ontario
Provinica
Tepoxtlan
Sincomay
Bautista
Couvo
Vilcomayo
Lunarejo
Viterbo
Chambo
Tlalchico
Itata
Caracas
Cozco
Pasco
Curito
Eeee
Pacaxa
Chesapeach
Mompon
Almagro
Angaraez
Delgado
Guallaga
Curay
Cuscatlan
Paraguana
Soraica
Órnate
Bacuachí
Blanco
Apolabamba
Caziques
Corregí
Alvar
Gus
Samaypa
Pirebebuy
Cachimayu
Zipaquíra
Curies
Polanco
Burén
Monmouth
u
Cura
Apure
Severn
Dulce
Azad
Mediodia
Pahuatlan
Tolú
Holanda
Zapotlan
Chiloca
Caleras
Buga
Pasuchua
Maracas
Tamalameque
Zultepec
Valie
Sego
Yanquitlan
Tum
Guacana
Toluca
Vergel
Tambillo
Zaqualpa
Antropófagos
Capricornio
Coautitlan
Sagrados
Atabillos
Médico
Negrillo
Pueble
Paiscs
Gentil
Xaltocan
Dilintdor
Yucaru
Pomasque
Soras
Supacha
Loa
Desesperación
Cuau
Atole
Águila
Massachusets
Achira
Chocolococha
Ichubamba
Noviciado
Cór
Bouganville
Cuzamel
Rogacuelo
Colorada
Ñau
Chmcay
Xoxutlay
Filósofos
Lulunta
Monarcas
N
Apalachicola
Yunquilla
Cabari
Zepeda
Flandes
Presi
Chiuchiu
Lobos
Guaira
Luribay
Cuyotepeque
Tiburón
Gibecera
Corrientes
Amotage
Edenton
z
Tucumbirá
Chktlan
Dávila
Xavier
Baxo
Convento
Gaspar
Visitador
Chinapa
Gonzalo
Juxtlahuaca
c
Batalla
Doctor
Cochon
California
Parinacocha
Salmones
Yurua
Chuquisacá
Montqo
Leyes
Jan
Q
Collaos
Cabildo
Nieves
Colegióle
Zipa
Marins
Ponica
Pas
Chiriguanes
Francia
Pore
Blanca
Curazao
Arapa
Ariari
Fundación
America
Lui
Songoli
Embarcaciones
Hoz
Colla
Manapire
Aragón
Cojt
Oaxaca
Siguate
Fosca
Ibinelo
Duck
Pancrasio
Sánchez
Siru
Quechua
Che
Vülalta
Guachi
Betletmitas
Jos
Cuiumo
Serpiente
Jacha
Carcarañal
Cenón
Céspedes
Chala
Cobachis
Cheboucto
Chire
Matogrosc
Ivarepices
Alfinguer
Carangui
Cronista
Balala
Huallanga
Xingu
Loyola
Nare
Mulato
Miraflores
Siguinan
Casignes
Beatas
Wingcn
Aldama
Quiquijana
Caxamarca
Mego
Sitio
Zacan
Namurete
Ynca
Etuquaro
Azpeitia
Bouganvile
Sor
Nen
Ooispado
Mariqui
Benedicto
Litle
Pucará
Georgia
Cuyocuyo
Carrion
Trois
Príncipe
Fedro
Zauüa
Aprouac
Purificación
Ático
Esquadra
Piraciacaba
Salvador
Macoris
Bucaniers
Babiacora
Clérigo
Sarcelles
Filipinas
Magda
Oriza
Española
Charca
Manique
Redentor
Black
Chamaca
Vireynatos
Xiximani
Primeria
Becerra
Santos
Gaita
Xingú
Portages
Armendariz
Yucas
Carrillo
Xareyes
Colegiales
Ppp
Torre
Seatari
Cassavatay
Palo
Paspe
Fond
Contratación
Xaiacingo
Cota
Matacumbe
Trópico
Chulchucani
Imato
Albama
Cuche
Tomás
Xtueva
Artillas
Staunton
Piloens
Tasagua
Quinterón
Castillas
Collanes
Mesquital
Superior
Cajtrovireyna
Mestizo
Sutagaos
Calpa
Tomependa
Orellana
Carvalleda
Cnmberland
Winijana
Orinoco
Cuiceo
Bracamoros
Pedazo
Chaco
Maquegua
Lunemburg
Jaca
Carme
Ygualapa
Vaza
Alaqués
Agüero
Capitaní
Quemado
Güila
Concepción
Freyle
Telliquo
Bejar
Buenas
Chiametla
Caxamarquilla
Babahoyo
Orizaba
Hol
Yunguyo
Anco
Tcrranova
Savannah
Plritú
Maraóon
Laxa
Huancani
Paso
Fernando
Mínimos
Chien
Delaware
Chicamá
Barranca
Guancabamba
Rozas
Tricomi
Tlaxclala
Peralta
Metlatlan
Colcura
Pativilca
Palestina
Ricja
Zaynla
Parcelona
Cuium
Yauyos
Fcedifragos
Coronas
Capellanes
Ciud
Amariscoggin
Claros
Recolección
Eccles
Purare
Cacique
Lipes
Tesorero
Guadiana
Marcelo
Oruba
Guaraná
Moxós
Charala
Mames
Cuavilca
Aysuarcs
Sarameca
Pernair
Tapera
Torcía
Mayo
Plano
Goyas
Dignidades
Zanguio
Cochuy
Asphalto
Mallabauquen
Chinan
Asun
Tame
Quita
Gongor
Riobamba
Viejo
Moscóso
Marañam
Azua
Chinchilla
Nuñez
Andiras
Nación
Farevvel
Valdés
Bobonasa
Picazuru
Velille
Escateopan
Fartido
Marsowin
Cavincia
Raposo
Bristol
Suno
Apami
Yaos
Naupan
Hacha
Tequistlan
Arivi
Inquisición
Paba
Frontenac
Niñas
Parin
Piros
Chinchipe
Yguazú
Oropesa
Aguan
Continente
Revno
Zacatula
Vista
Mazatepec
Agualuko
Patrono
Asley
Braganza
Mechoacanj
Chaves
Chuquisaca
Malacatos
Ath
Imperial
Curuguato
Guaranda
Pichambios
Yaus
Talarrubias
Conquistadores
Longuo
Esturrizaga
Infieles
Omasnyos
Coyotepec
Silla
Conchucos
Castellano
Honda
Poromonas
Querobamba
Zapata
Vizconde
Rapel
Carangas
Diablo
Par
Yulcamarca
Cozumel
Alta
Cesta
Canónigos
Chunche
Oruro
Villacorta
Piedrola
Cotopasci
Potre
Conchuco
Guspaca
Anee
Paranay
Colchagua
Don
Veragua
Galiano
Pcnsilvania
Tabaquero
Caballos
Garavia
Sinú
Huarochiri
Saliva
Malvinas
Médicos
Gales
Dilinidor
Beaterío
Basin
Rupununi
Ataide
Xonotla
Gurato
Patronos
Ochoa
Andaquies
Intinuyo
Uraba
Ararapiza
Aimaraez
Cupiu
Curico
Esquivel
Sipapu
Solis
Acres
Austria
Cabeccr
Tcpeaca
Carambava
Cherokees
Xacapistla
Michigan
Enseñanza
Queretaro
Cartagena
Charlestovvn
Pillachiquir
Huamalies
Vallaaolid
Fuente
Gurupa
Ogechi
Establecimiento
Buzard
Barcellos
Pigvvakct
Reyfio
Hábito
Línea
Ovadeba
Cifuentes
Chuces
Infantería
Chuigotes
Arahuav
Conche
Angeles
Vilcabamba
Mataanona
Iosbosques
Aricagua
Mauli
Poniente
Lujes
Cáceres
Miahuatlan
Tiripitio
Roque
Tropa
Sol
Gobernaacr
Rodas
Motetes
Contesuyo
Cavmán
Cheto
Busto
Intendente
Siena
Chrisostomo
Saxapahavv
Abadía
Aguaricu
Chuructay
Napysing
Espíritus
Presidio
Fresnos
Pachacutéc
Medrano
Nubbc
Oaya
Canonización
Lancaster
Prima
Consejo
Matriz
Muzo
Curucurus
Pichincha
Goayabas
Villarroel
Cascabeles
Chuapo
Amula
Chaguas
Ebora
Arundel
Compa
Pedrarias
Obispado
Briceño
Huailas
Dovvre
Cristóbal
Severino
Aguatulco
Chuquabo
Atrato
Yamparaez
Balisa
Diciembre
Zumo
Torrecilla
Lora
Cuyaciyayanes
Titular
Ülloa
Canaria
Anegada
Ixtepexi
Moro
Cataluña
Arispo
Susquehanna
Aranda
Cahuapanas
Rutuno
Cosía
Mariland
Itapeba
Coronel
Gobernador
Puerto
Alcatraces
Tris
Chichibacoa
Tapacures
Regidores
Ramón
Europeos
Varatojo
Narwad
Porras
Yetes
Guarin
Jaque
Andonaegui
Monforte
Arroyo
Tixtian
Cbametlan
Chávelos
Pequeri
Ymataca
Jersey
Gobierne
Groelandia
Caxititlan
Paganagandi
Murcia
Incas
Asumpcion
Mazatan
Pileta
Quiroga
Potonchán
Camaná
Sábados
For
Morante
Cheapside
Judicatura
Silva
Suchitepec
Manta
Reliquias
Eustaquio
Pompón
Lords
Hospicio
Shawano
Zurita
Aguilera
Roma
Ygirapa
Máchala
Pueblecito
Arcos
Villabermosa
Esquiladle
Cacao
Filad
Prebenda
Montserrat
Amóla
Cotopacsi
Fernán
Cocmonomas
Cordero
Huitepec
Covento
Bahia
Mapoyes
Burgo
Hermitas
Guarapíche
Elector
Barrios
Charcas
Princesa
Playa
Amazonas
Sebastian
Caño
Pinos
Olmedo
Tarma
Nambacasa
Pasquaro
Jeffreis
Cordiücra
Guerra
Huitepéc
Masachuset
Protestantes
Cátedra
Huach
Principe
Condesuios
Bayano
Filosofía
Seguro
Etres
Capítulo
Romani
Sioux
Itocó
Mecacapaca
Quartel
Moreno
Atanari
Tlapa
Llerena
Idólatras
Enero
Garay
Saona
Victoria
Chimenes
Cozamaloapan
Capivari
Angamarca
Ovachas
Femmes
Gama
Protector
Juchipila
Guarani
Paititi
Cocquc
Coronista
Itenes
Magallanico
Maxaltepec
Venecia
Ramos
Anavillana
Desposorios
Maravvini
b
Azotzi
Islote
Villegas
Cirii
New
Quiaca
Corazones
Sayales
Ayaviries
Lampun
Xuxuy
Jarres
Iturriaga
Morlacos
Toga
Tucumari
Antonio
Partidos
Carteret
Extremadura
Baeza
Henriquez
Coaza
Tordelaguna
Baca
Guatavita
Lagartos
Reyes
Uñare
Colima
K
Capitin
Rcy
Arribana
Darien
Vücomayo
Yuximaguas
Mboapiari
Véase
Iscuchaca
Sufiuik
Alcozauca
Rom
Missi
Ocon
Chillo
Tepeguana
Tepozcolula
Juan
Rosarios
Cap
Tolten
A
Guzmanga
Jagua
Tenango
Patronato
Caura
Tapacari
Guanuco
Bezani
Marinho
Villa
Montroni
Zamucos
Palmares
Esteñoz
Frayles
Amarumayo
Corsarios
Iguana
Iludson
Hua
Guairana
Tribus
Hateras
Salamanca
Fresnillo
Aquimuri
Badrc
Poblaciones
Mortara
Tossagua
Congregación
Pichelin
Rancagua
Ouixos
James
Chincheros
Fresh
Soetuno
Enrique
Guancabélica
Cosme
Chuquibamba
Fuenleal
Sevcrn
Nocsino
Nevery
Guantanamo
Cacula
Huerta
Chevelure
Pucaré
Rivera
Clara
Palomino
Garachiné
Marumarota
Pabayacutinguiza
Banamichi
Provincia
Proministro
Guauchinango
Latanniers
Michillimakinac
Tétela
Salina
Parinacochas
Oüispo
Ranchos
Parí
Alcaldes
Missisipi
Ailes
Nevvfundland
Pascua
Gila
Aymaraez
Espina
Licay
Calificador
Perlas
Magdalena
Caimitos
Spira
Pueblo
Sagrada
Purús
Ambrosio
Pico
Tayacaja
Exercitantes
Franciscanos
Goazacoalco
Marameg
Custodio
Varios
Umachulco
Granadilla
Bugio
Ossabaw
Huaque
Pacífico
Ensenada
Carranza
Arias
Apaches
Sombrero
Yanacache
Tepic
Tuy
Ostandekert
Misouri
Azatian
Viacha
Armada
Cochamarca
Jiraras
Matanza
Barrancos
Misteca
Texpatlan
Nunez
Mereed
Rios
Difinidor
Bárbaros
Aicaropa
Huallu
Sacerdotes
Parayba
Monacillos
Ccc
Lusya
Rosa
Irlandeses
Medaños
Bamstable
Tocazo
Sentipac
Tlaxtala
Pedi
Padres
Taravita
Huasillas
Rexe
Caribana
Zkibijoa
Bernaldes
Cric
Encaramada
Tecocuilco
Locumba
Iracubo
Castañeda
Diñnidor
Yaina
Aguastelas
Astronómicas
Congari
Sama
Cocama
Marqués
Adelantado
Huayama
Entrada
Manglares
Vieux
Corregimrento
Magalianicas
Tamaraca
Historia
Anadinva
Parimá
Gualabquen
Cervantes
Cayari
Orilla
Xalisco
Pamunkev
Guarihuína
Almada
Chayantacas
Coronango
Cumayaris
Fronterizos
Calcaylares
Thepayahualco
Rcyno
Echevers
Tocuyo
Puertor
Massachussets
Darcen
Caxamarqui
Chamicuros
Eclesiásticos
Seneré
Tarena
Marítimos
Verde
Curytaba
Corquina
París
Zapatosa
Jiupa
Oco
Arrabal
Jgnotum
Pámpano
Guejocingo
Baloas
Taquani
Duino
Escjuivel
Curarahua
Colonche
Caxacay
Huitefiec
Yupura
Parroquial
Reyno
Osuna
Individuos
Posesión
York
Sagle
Supias
Taxena
Canapayes
Costarica
Bucaramanga
Lardizaval
Ragged
Huamachuco
Bolonia
Patovvmack
Bayamo
Ugarte
Tequiszitlan
Mavo
H
Havana
Cervcra
Ero
Cnilc
Guill
Molina
Maculani
Erie
Porto
Hurin
Luiná
Berbice
China
Pórtete
Perros
Tomé
Xala
Quecholtenango
Abijiras
Cauoa
Caroni
Iglesias
Topayos
Ameca
Craven
Hunuriaes
Buria
Como
Sanz
Marüandc
Seapenham
Boeufs
Naranjos
Brook
Inuris
Peñascos
Sagunto
Sota
Ytata
Saltillo
Coriana
Burburata
Barbida
Flamanalco
Conversión
Varón
Buebos
Parimoes
Barros
Derechos
Vücas
Tlacolula
Pariva
Novicios
Hacienda
Montarte
Corominos
González
Trapiches
Párroco
Ochonache
Otua
Sergipe
Padinco
Talavera
Cabezeras
Huayo
Obrería
i
Alamos
Liscomb
Tandil
Empleo
Olid
Oriental
Chacayan
Piedra
Venta
Coatepec
Kákick
Antequera
Muño
Asturias
Yuruario
Jfeptunus
Baker
Puyuc
Margot
Abacachis
Amuzgos
Suata
Senamboca
U
Eci
Mazariegos
Pont
Sapona
Tabasco
Salivas
Amaya
Canta
Agualulco
Tomasa
Carupano
Yzucar
Branche
Chorrillo
Bocas
Parlamento
Monrcal
Villaboa
Sedeño
Chiquinquira
Marruecos
Pelissipi
Corobana
Isieta
Tepuxilco
Huasco
Lizarraga
Dueñas
Gracia
Cousa
Gor
Chuquri
Roanoke
Martin
Upieni
Zacatepeques
Guarpes
Chalapa
Sandia
Provine
Datan
Cadena
Religio
Tasco
p
Matem
Tiflón
Costas
Cangrejos
Timbues
Virreyes
Pitic
Asistente
Artibónko
Texupilco
Iroqueses
Cholona
Mato
Cocorín
Shatesbury
Vera
Baides
Berrio
Í
Combará
Álamo
Caico
Cerbantes
Magueyes
Vergara
h
Cenare
Paraíso
Seregipe
Gobier
Cabezas
Puren
Eundy
Ayabaca
Acia
Callejón
Tuira
Calvert
Alchipichi
Meclioacan
Sable
Ylheos
Longomilla
Goare
San
Corregimicnto
g
Tisingal
Despoblado
Cesárea
Tlaola
Huamaíies
Texopilco
Roamainas
Guadalabquien
Bernardino
Angaracs
Ubay
Camindes
Tlaltenango
Maynard
Orange
Marcapata
Haciendas
Teutit
Azcona
Mina
Lamínate
Topajocos
Tequisquiapan
Mbotctey
Ceuta
Puelos
Petite
Pimienta
Loxa
Mitra
Seáis
Ministro
Velazquez
Champoton
Zuitepec
Narvaez
Predicador
Oyapoc
Sinaruca
Extre
Olinalá
Rui
Veraguas
Neveri
Rede
Goatcmala
Chica
Rubio
Cunuris
Vilcamayo
Jauja
Cúralo
Meteta
Soldados
Marañon
Quichandio
Frió
Comandante
Ladrillo
Ilícito
Lardizábal
Secretario
Terranova
Nopsa
Michua
Zaragoza
Anselmo
Uruguai
Urbina
Campe
Moral
Colan
Otzumatlan
Velho
Caballe
Xuruaras
Rector
Quiílota
Coranes
Copé
Sinchi
Condestable
Ayolas
Cirandaro
Ñeque
Maipo
Monscrrat
Mochawk
Coray
Estevan
Oiba
Yambrasbamba
Babama
Santistevan
Aguarico
Portillo
Borrachos
Cun
Feria
Sanio
Almaraez
Metepéc
Shiquita
Chesapeak
Indian
Cátedras
Soritor
Bovval
Sania
Iosmontes
Copiado
Contaduría
Emisferio
Montuosa
Ytari
Vireynato
Cujus
Patria
Besani
Pucblccillos
Iris
Llamado
Hoyenas
Chietlan
Chincha
Fairfax
Baxanas
Saint
Mesquites
Ocabamba
Tetelzingo
Tratado
v
Xochimil
Antojo
Perdomo
Atoguia
Florido
Inau
Frederie
Quatausis
Castel
Jayba
Proviincia
Chrístoval
Araguaya
Zapotitlan
Sardinas
Descalzos
Sancho
Cerdeña
Methigamis
Mexi
Tong
Señores
Cabezón
Manco
Fran
Icaldía
Cábelo
Nice
Que
Chuquiabo
Academia
Huehuetlan
Riela
Agúanos
Petaguey
Misa
Lares
Scorgovive
Sonora
Tetclmacingo
Chovvan
Marañen
Sapote
Guanacebi
Oulamanti
Tlacuclotepec
Saa
Atotor
Huchuetlan
Maligne
Estremadura
Housatonick
Laracota
Vallejuelo
Camaraibi
Sto
Veaux
Punovis
Puruma
Turen
Ubate
Magistral
Paute
Monarca
Guancavélica
Guarpcs
Guapaix
Quebrada
Guamaciiuco
Paraguay
Tour
Condamine
Neutown
Marqueses
Sahante
Martín
Montero
Inés
Frente
Pablo
Yucatán
Ocaña
Asiento
Zambrana
Morgan
Órdenes
Auxiliar
Taranena
Yaguache
Colta
Huamanguilla
Patacones
Charlestoun
Marecapaná
Ense
Atacames
Cuerpos
Tapoana
Tncuman
Kueva
Cuyum
Tequepexpa
Poetisa
Yxmiquilpan
Euphasce
Paralelos
Carabayllo
Mcirá
Andrade
Reynos
Abacaris
Christóbal
Achagua
Cannes
Palencia
Convenios
Invernaderos
Chi
Penobscot
Eduardo
Guasca
Sarricolea
Corte
Arrecife
África
Guarayos
Chuca
Choix
Cauchupil
Cuchoa
Oidor
Sante
Bailio
Gobiernos
Franceses
Hechojoa
Batiscan
Abril
Callo
Moguer
Tezcuco
w
Otumba
Gamboa
Chiapa
Miño
Vireyes
Ignacio
Fuquene
Firme
Amelia
Zamba
Muscadoboit
María
Saramajos
Sacramento
Arteaga
Cassipa
Chanchamaiu
Matazan
Mará
Pinches
Curteen
Rio
Tequendama
Laycacota
Yapoco
Tapuyes
Betlemitas
Canchas
Iíuailas
Maravatio
Cuchivara
Paula
Codera
Casanare
Aguado
Sarayacu
Sachica
Ñ
Aruí
Nova
Axixique
Warvvich
Ambaná
Castillos
Romana
Moctezuma
Coria
Escayache
Tahisá
Chitareros
Camarones
Comayagua
Chongos
C
Tinguiririca
Tasay
Chupamarca
Yana
Petit
Abixiras
Savanilla
Manciche
Mongon
Zitlala
Aracá
Mogolues
Yaquimo
Maquipo
Calle
Henrique
Guastecos
Ruminavi
Morros
Nasas
Ocuituco
Ribera
Cuyo
Bray
Guacaruguay
Cavalleros
Américo
Rapayan
Tapo
Zalamea
Caracato
Huanaes
Puertecillo
Rodlas
Cópala
Villagran
Gamalotal
Yraibi
Pastara
Zuchitepec
Bey
Carliste
Curú
Eclesiástico
Mena
Sanpa
Guaquiaris
Bermudez
Martinica
Palmar
Epit
Mechoa
Ralemo
Sargento
Tuzcacuesco
Aldana
Ilabaya
Almádanas
Canot
Cochinoca
Jacinto
Cabece
Lorcto
Casia
Metrópoli
Valverde
Amapaya
Matlazingo
Exército
Españole
Nicoya
Efigie
Neiba
Charrúas
Mercaderes
Veracruz
Inaguana
Arguinao
Tepehuacan
Fairíax
Guaibas
Guanarito
Cayos
Taragua
Acolman
Tinguiragua
Chiloc
Charles
Roche
Coaguila
Teuzitlan
Amatlan
Provincias
Magníficat
Quuebec
Pcnsilvánia
Higuerillas
Curupa
Postulador
Extremidad
General
Rumena
Sabayno
Huañupisa
Quaresma
Castelmayor
Goropa
Orizava
Diamantes
Mexicana
Zarate
Paccha
Omiguas
Nanay
Goatemala
Hicacos
Guayaparanna
Tula
Cuto
Walter
Tierta
Ángel
