.
,
:
AMERICA
AQUE
AQUÍ
ARZOBISPOS
BARBARAS
CATALOGO
CELEBRES
CIUDAD
CRONOLÓGICA
DE
DEL
DESCUBRIDORES
ESTA
FIN
GRANDE
GRANDES
HA
HA
HABIDO
LA
LAS
LOS
MAS
NACIONES
OBISPOS
PRESIDENTES
PRIMER
QUE
SERIE
SUCESO
TENIDO
TOMO
abandonados
abandonando
abandonarla
abandonase
abastece
abastecen
abaxo
abismos
aborrecían
abrazado
abrazando
abrazó
abrirla
abriéndose
absorver
abstenerse
abundancía
abundantísimas
abundantísimo
acalla
acelera
acerque
acertada
acertadas
acertarles
aceyte
aceytunas
aciertos
acometiéndolos
acomodan
acompañe
acorta
acostumbran
acreditada
acreditados
acreditando
acreditarse
acreditó
actas
ademas
adictamento
adjudicó
administra
admiten
admitido
admitieron
admitirlo
admitirlos
adora
adoraban
adoran
adoren
adormí
adornado
adornados
adornan
adornos
adquirida
adquirieron
afectos
afligió
agigantados
agolpan
agotes
agregada
agregando
agregándolo
agria
agridulces
aguardientes
aguaron
agudos
aguilillas
ahorcaron
ahorrando
ahujero
ajos
ajustadas
ajustes
alacenas
alacranes
alborota
alcavala
alegatos
alerces
aletas
alfombras
alimenta
alimentarlos
aljibes
almacenadas
almendros
alojan
alpacas
alquileres
alternan
alternando
altísimas
alumbrarse
amables
amargas
amenas
amenos
amenísimos
amontonadas
ampollas
amurallada
anchovetas
andenes
anegó
anexando
anexas
anexos
anguilas
anida
anido
animados
animalillos
animalmente
animas
anis
anticuas
antillas
antropofaga
antropófagos
apariencias
apetece
apetecido
aplicaran
aplicaron
aplico
apliquen
apoderándose
apreciables
aprecian
apreciando
apreciaron
aprehendió
aprietan
aprisionan
apropiaron
aquáticas
aqüeductos
arañas
arboladuras
arboles
arbolillos
arbolitos
arbustos
archipiélagos
ardillas
arduos
arenosa
armazones
aromos
aromáticas
arraigada
arraigados
arrastran
arrayal
arrayanes
arrebata
arreglados
arrieros
arriesgados
arriesgarse
arrobas
arrojando
arroyos
arruinadas
arruinando
arruinaron
arruinó
articulo
asambleas
ascendientes
aseadas
aseados
asigna
asignados
asistan
asiste
asisten
asistiendo
asoló
asombrarse
asperezas
asperísimas
astillas
atacados
atacó
atemorizadas
atolondra
atraen
atravesados
atravesarlo
atravesándola
atraviesan
atrevidos
atribuyen
atrocidades
atunes
aumentara
aumentándose
auras
autenticado
autorizando
auxiliado
avecindado
avellanos
avenidas
aventuró
ayre
ayres
ayudados
ayuna
azequias
azero
azoteas
azucenas
azéquias
azúcares
bacalaos
bagres
bainilla
bajadas
banquetes
baratos
barbaras
barbaros
barbudos
barracas
barran
barrancos
barrancosa
barretas
bastarían
bastones
batatas
bateas
baterías
bautizada
baxa
baxaba
baxan
baxando
baxo
baxos
baylan
bayna
baynilla
bañada
bañan
bañarle
bebían
becadas
beneficia
beneficiaban
beneficiados
benefician
beneficiarlas
beneficiasen
beneficien
berrugas
besado
bestuario
bigotes
bizarra
blanquísima
bobos
bodegas
bolsones
bombardeando
bombardearla
bombardearon
boquillas
borbotones
bordadores
bordeando
borrascas
borricos
botijas
botines
botonaduras
boxeó
brillan
brizo
brotan
brotando
brotó
brutales
buches
bueyes
buhos
buitres
burros
bálsamos
bóvedas
búfalos
caballerías
cabanas
cabeceras
caben
cabernas
cabidades
cabrillas
cacaos
cafe
caigan
caimanes
cajoncitos
calabazas
calandrias
calcinada
calcinadas
calculando
caldía
caletas
calido
callejones
calores
calumnias
calurosa
calzadas
camarones
cambiados
cambroneras
camisetas
camotes
campanal
campanitas
campiñas
canelos
cangrejos
canillas
caobas
capituló
cardones
cardos
carezca
cargando
carirredondos
carnales
caros
casaban
casan
cascabeles
casen
casernas
caserías
castas
castañas
castillos
castores
casuchas
catan
caudales
caudalosa
caudalosísimo
cautivado
caxetas
caymanes
cazan
cañerías
cañoncitos
cedazos
cederlo
cedida
cedido
cedidos
cedieran
cedieron
cedros
cegando
ceibas
celebrarse
celebre
celebres
cenagozas
cercadas
cerrarla
cerrarse
cerré
cestos
chimchua
chinches
chirimoyas
chorrillos
christianismo
cidras
ciegan
cienpies
cierran
cigarros
cigüeñas
cipreses
circunda
circundada
circunvalada
circunvalado
cirios
cisnes
cisternas
cisuras
citando
climas
coagula
cobren
cocales
cochinos
cocinas
cocodrilos
codornices
cogian
cojan
coje
cojen
colaterales
colchones
colinas
colmenas
colocada
colocadas
colocaron
coloco
colorada
colorados
combatida
comedores
comercia
comes
comisionados
comisionándole
comisionó
compacta
comparada
compartidos
compensado
compite
componiéndose
componía
compran
compraron
comprase
comprehende
comprehendia
comprehendida
comprehendido
comprehendidos
comprehendiendo
comprándose
compuertas
computa
computaba
computándose
compónese
comunmente
concediendo
concedieron
concediéndole
concedía
concurre
concurren
concurriendo
concurrieron
conducia
conducidas
conducidos
conduciendo
conducirlas
conducirlo
conducirlos
conduciéndose
conductos
conduxo
conduxéron
confesarlos
confiesan
confinaba
confinando
confinantes
confunden
confundido
confínes
conozcan
conquistados
conquistasen
conquistóla
consagrarse
consagró
consagróse
consecutivos
conservaba
conservas
consiguiendo
constando
construidos
construyen
construyendo
construyeron
construyo
contenerlos
contenia
contiendas
contiguas
contiguos
continuaban
continuada
continuaron
contradice
contraidos
contratiempos
contribuciones
contribuyeron
controvertido
contándole
convalecientes
conveniencias
conversiones
convertirlos
convites
convocaba
convocan
convulsiones
copiosa
corales
corbinas
cordellates
corrales
corrompe
corromperse
corrompido
corrosivas
cortezas
cortísimo
costean
costearon
costosa
costosos
cotos
coyas
coyotes
crecidísima
crecientes
creyéndola
criadas
crias
criase
cristalina
crueldades
críanse
críase
cucarachas
cuelgan
cuervos
cuestan
cuidan
cuidando
culebreando
culebrones
cultiva
cultivaban
cultivada
cultivan
cultivaran
cultivarla
cultivarlas
cultivándolos
cultos
cultívanse
cumbres
cumplidos
curados
curten
curtidas
curtidos
custodiada
custodian
custodiándole
cuéntame
cálida
cálidos
célebres
cómodos
cóndores
damascos
danos
darlas
dañosas
debaxo
debilita
decayendo
decayó
declina
declinando
dedicando
defendida
defendiéndolo
degenera
dehesas
deleyte
delgadas
delicadas
delicados
deliciosa
deliciosas
deliciosos
demolieron
demostraba
demostraciones
denominaba
denominados
denominan
densísimas
dentales
deponen
derrames
derretidas
derretirse
derritió
derrotados
derrumbado
desaguan
desaguarlas
desaguarlos
desagües
desalojaron
desalojó
desamparadas
desaprobó
desatando
desató
desbataciones
desconocidas
descubriólo
descubrióse
descubrían
desembocando
desempeñados
desempeñándolas
desempeñándose
desempeñó
desfiguradas
desgajó
desgraciada
deshacía
desiertas
desmesurada
desmontarla
desmontes
desnudes
desperdicios
despeña
despeñan
despeñándose
despobladas
desprenderse
destacadas
destacamentos
destacando
destila
destilan
destinó
destruye
destruyen
destruyó
desuyos
desvanece
desvanecen
detenia
deteriorado
determinarse
detras
devolvian
devolvieron
devora
devotísima
dexa
dexaba
dexada
dexan
dexando
dexar
dexarla
dexarse
dexándolos
dexáron
dexó
dibuxos
diccionarios
diestrísimos
dificulta
dificultan
dignidades
dilatadas
dilatadísimas
dilatadísimos
dilatan
dirigían
dirijan
disciplinadas
discordancias
discordando
discurrido
discurrió
disecadas
disfrazado
disfruta
disipados
disminuyen
disminuyó
disparados
dispersado
dispersas
dispersos
disponiendo
dispusiese
disputado
disputas
distanciase
distinciones
distinguen
distinguida
distinguidas
distinguirla
distinguirlo
distinguirse
distinguiéndose
distinguió
distribuido
distribuyéndose
distritos
disturbios
disuelta
divertirse
dividiéndola
dividiéndose
divierten
divisoria
divídela
divídense
divídese
dixo
diéronle
doblándolos
doctísimo
dogmas
domestico
dominada
dominadas
dominan
dominasen
dominios
domésticas
donativos
dotaron
dudaba
dudado
dudamos
durables
dádole
díscolos
dóciles
echaban
edilicios
efectúan
eficacísima
eficacísimo
efluvios
egecutaba
ejerciendo
electrizado
elevan
elevarse
elixen
elocuentes
embalsamado
embarazan
embarcando
embutidos
eminencias
empedrada
empezados
empinada
empinados
empleándose
empobrecido
empujarlas
empuñada
encajonada
encantada
encargaron
encarnada
encarnadas
encaxe
encañonada
encerró
encierran
endurece
endémica
enfermizas
enfermó
enfurecidos
engarzado
engordaban
engordan
engordando
engorden
engrosado
engrosando
enjambres
ennegrecida
enredadas
enriquecieran
ensaladas
ensanchándose
ensenadas
enterraban
enterradas
enterrando
entierran
entoldan
entredichos
enviaban
enviarla
enviarlas
enviudó
enviándolo
envueltas
eolios
epidemias
equiparon
equiparse
equivoca
equivocaciones
eregido
erigida
erigido
erigió
errarle
erupciones
escarpada
escarpados
escasea
escaseado
escasean
escaseando
escaseó
escasísima
escasísimo
esclarecida
escoltadas
esconden
escorpiones
escrúpulos
escubre
escultores
espaciosa
esparcida
esparcidas
esparcidos
espejan
espesas
espinos
espinosas
esquadras
estableciendo
establecieren
estableciéndose
estancó
estanques
estatuas
esteril
esteriles
estimadas
estimarse
estragos
estrechos
estrechuras
estremecerse
estremecimientos
estriadas
estériles
evitan
excabada
excavaciones
excede
excedido
excedió
excitado
excitó
excretó
executa
executado
executar
exemplar
exemplarísimo
exercitado
exercitados
exercitan
exercitar
exercitarse
exercito
exerciéndole
exerciéron
exerció
exhortaciones
expecialmente
expediciones
expele
expende
experimentaban
experimentan
experimentó
expuesta
exquisita
extendería
extendida
extendiéndose
extienden
extinguida
extinguido
extinguidos
extinguió
extorsiones
extraen
extrangeras
extrangeros
extrecho
exército
exércitos
fabricadas
fabricando
fabricara
fabricas
fabrico
fabulosos
faisanes
faysan
fecunda
fecundan
feligreses
ferias
ferocísimos
fertilice
fertiliza
fertilizan
fertilizando
fertilizándolo
fertilízanlo
fierros
finos
finísima
finísimo
finísimos
fixa
fixas
flechados
floridos
flotas
flotillas
fluxo
fluxos
folfo
fomentaban
fomentándose
fondean
forasteros
formidables
fortalezas
fortines
fortísima
fortísimos
fragatas
fragosas
fragosos
franquease
frazadas
frecuentada
frecuentadas
frecuentado
frecuentan
fresas
frien
frios
frixol
frixoles
frixóles
frondosa
frondosos
fructifican
frustraron
fríjoles
fríxol
fríxoles
fundadas
fundadores
fundando
fundaren
fundarla
funerales
fusilazos
fusileros
fustes
fábulas
fértilísimas
fértilísimo
fétida
fórmase
galletas
gallinetas
galones
gamuzas
garbanzos
garitas
garrapatas
garzas
gasta
gastan
gastó
generos
gengibre
geográficas
geométricos
gigantesca
giros
gobernados
gobernarlos
gobernaron
gobiernan
gobiernen
gobiérnase
gomas
goteras
gradas
graduó
gradúan
granadas
granadillas
granates
grandísimos
graznidos
grietas
guacamayas
guarnecen
guayabas
guayacanes
guiase
guijarros
guisantes
guturales
habitado
habitadores
habitados
habiéndosela
habítanla
habítanlo
hacendados
harinas
hatos
hechan
hechando
hechiceros
helados
helarse
hendida
heredades
herederos
heredó
hermosísima
hermosísimos
herniosos
hiela
hielan
hilan
hilarse
hinchan
hirviendo
hojuelas
holgazanes
hombreándose
honestos
hormigueros
horrorizan
hosterías
hostigados
hostilidades
hostilizado
huanaco
huanacos
huecos
huelen
huertos
humedades
humildes
humores
hundiendo
hundió
huracanes
hymnos
hállanse
hállase
idem
idólatras
ignoran
ignorantes
igualan
igualándose
iguanas
ilustran
ilustres
imaginados
imita
impenetrables
implacables
importó
imposibilita
imposibilitadas
imposibilitan
impracticables
imprentas
inaccesibles
inauditas
inciensos
inclinan
inclinando
inclinarse
inclinándose
incluirlas
inclusas
incomodado
incomodados
incomodan
incorporada
incorporan
incorporaron
incultas
incultos
incursiones
incógnitas
incógnitos
incómoda
indecibles
indecisa
industriosos
infesta
infestada
infestado
infestan
influxo
infructíferos
infunde
inglesas
inhabitada
inhabitadas
injuriada
inmediatas
inmensas
innata
innúmeras
inquietarla
inquietarlas
inquietos
insignes
instruidos
instrumentas
instruyo
insípida
intensísimo
intermedia
intermedian
intermediando
intermedios
internarse
internen
internándose
interpoladas
interrumpido
intestinos
intransible
intransibles
intransitables
introducirse
introduciéndolos
introduxo
inumerables
inunda
inundaciones
inundan
inundando
inundase
inundo
inundándola
inundó
inutilizadas
inutilizado
invadida
invadidos
invadieron
invasiones
irrupciones
isletas
islotes
itsmo
jamones
javalíes
jergas
jesuítas
jornaleros
juntaban
juntarán
jurisciicion
jurisdicciones
juros
labiales
laboriosos
laderas
lagartijas
lagartos
laguneta
lanas
langostas
lanitas
lapizlazuli
larguísimo
latrocinios
lavaderos
lavarse
lechosa
lenga
lenguados
lengüetas
lentejas
leopardos
leprosos
lexía
libertarlos
librerías
lienzos
limas
limites
limones
limpian
linas
lisas
listados
llagas
llamase
llamen
llamábase
llamándolo
llamándose
llamáronlos
llegarán
llevados
lleven
llovió
llueva
llámanla
llámanse
llámase
logrados
lograra
logren
lomas
lonas
luce
lucernas
luxo
luxuriosos
maciza
madurándose
magallánicas
magnifica
magnificas
magníficas
magueyes
malezas
maltratadas
manan
manantiales
manares
manatíes
mandíbulas
manejen
manifestadas
mantenerla
manteniéndose
manufacturas
manzanillos
manías
mariscos
martirizados
martirizando
martirizaron
marías
marítima
marítimos
matanzas
maten
matizadas
matrimonios
mazas
medianas
mediaron
medicinales
medido
mediterráneos
melocotones
membra
membrillos
menuda
mereció
meridionales
meritorias
metale
mezcales
mezcladas
mezclados
mezclarla
miento
mieses
milagrosísima
milicianos
mimbres
minorados
mirarse
misera
mojarras
molestada
moleste
molestos
molidas
molinos
montarías
montecillo
morados
moré
mudado
mudando
mudase
mudándola
muelas
muellísimo
muerde
muerden
muge
mulos
multiplicado
mármoles
místicas
músicas
nadante
naranjas
naufragado
naufragios
naufrago
navegables
nichos
nociva
nombrasen
nopales
notus
numerables
numeran
numero
numerosa
obligadas
oblonga
obrajes
observantes
obstan
ocasiona
ocasionan
ociosa
ociosos
ocuparla
ocuparon
ocuparse
odoríferas
ofendida
olivos
ollas
olorosos
omantos
operarios
oportunas
opulenta
opulentas
opulentos
ordenados
originó
oyen
pacen
pacificarles
pacifico
pacíficas
padecía
padezcan
pagada
pagamentos
pais
palaciales
palitos
palmos
paltas
pampas
panales
pantanosa
pantanosas
papayas
parajes
paralelas
paran
parase
parcos
parras
pasaran
pasas
pastaban
pastelerías
pasándose
patagónicas
patillas
pavos
pañetes
peculiares
pedacitos
pedregales
pedregosos
pegadas
pejereyes
pejerreyes
penetrado
penetrando
penetren
penetró
penosos
pepitas
pequen
pequeñita
pequeñitas
pequeñitos
perdidas
peregrinaciones
peregrinos
perfeccionarlo
pergaminos
perjudicase
permaneciendo
permitiese
permitían
perpetuada
perpetuó
perpetúan
persuadían
pesan
pesares
pescarlos
pescó
pesó
petaquitas
petates
petrificados
pezecillos
picachos
picadas
pimientos
pingues
pingües
pintados
pirame
piratas
pisando
piñones
plantadores
plantíos
plantó
plateados
plántanos
plátanos
poderla
polvos
ponchos
populosas
poquísima
portadas
poseedores
poseerla
poseido
poseyéndola
postas
potreros
potros
precaverse
precipicios
precipita
precipitados
precipitan
precisado
precisados
precisaron
predicarles
premió
prerogativas
preñera
primorosa
primorosas
primorosos
principia
prisioneras
privó
prodigios
producirles
producirán
produxo
produxéron
profundidades
profundizarlas
progresos
prohibida
prohibirlo
prohibió
prolongó
prometen
promovida
promovido
pronuncian
propagado
propensa
proporcionada
proporcionadas
proporcionados
proposito
proprietario
prorrogado
proscripta
prospera
protegió
protestantes
provean
provee
providencias
provistas
proyectó
prueban
pueblan
pulgadas
pulgas
pulpos
purifican
purificarlo
pálidos
páramos
páxaro
páxaros
pérfidos
quadra
quadrado
quadro
quadrúpedos
qualidades
quantos
quartas
quarteles
quartillo
quarto
quatro
quebrachos
quebraron
quedaos
quemando
quererlo
quesos
quiebran
quietas
quilateada
quinoa
quintas
quiriquinchos
quirquinchos
quitaba
quitarlo
racionales
raiz
rancherías
raudales
rebalso
recayendo
recayó
recien
recobraron
recogerla
recompensó
reconocerla
reconocimientos
rectas
reducciones
reducidas
reducirlos
reduciéndose
redujeron
reduxeron
reduxéron
reedificando
reedificarla
reedificó
refinarla
refrescan
refuta
regada
regadas
regado
regalados
regalándole
registran
registren
regna
regulan
regándola
reinciden
rejas
relámpagos
remansos
remitida
remitieron
remitiese
remitirlo
remitiéndonos
remitió
remotas
rendirse
renovarse
renovó
renueva
reparten
repentinas
repetidos
repitieron
repollos
reposteros
repugnaban
repugnan
repugnó
reputada
reputan
reputarse
rerreno
resarció
reservando
reses
resguardan
residenciado
residenciase
residiese
residió
resinas
resinosos
resistió
restablecen
restableció
restauró
resuelven
retiraran
retorciendo
reyna
reynaba
reynado
reynan
rezan
riachuelos
riegan
riegos
rien
rieras
riquísima
riquísimo
riquísimos
rites
riégala
riéganla
robalos
robusta
rodeaba
rodeos
rollos
romperle
roscas
rotuladas
roxo
rubies
ruidosas
ríen
ríéganla
rústicos
sabandijas
sabanillas
sabias
sabinas
sabinos
sacara
sacarlo
sacarse
sacrificados
sacrifico
saladas
salados
salan
salando
salientes
salobres
salpicado
saludables
saludan
salvages
salvarlos
sanan
sandías
sangran
sangrientos
saqueada
saquease
saqueó
sardinas
satisfagan
saudades
secando
secarse
sectas
secándola
secó
segando
seguirse
seguirían
segundas
seguras
selvas
semblantes
semblarte
sembraran
sembrarla
sembrarlo
semejan
sensuales
separaron
separándolas
separó
serenísima
serpenteando
servidas
señalasen
sideración
siembras
signacion
signe
simientes
sinceros
singla
singulares
sintiéndose
sirviéndola
sirviéndole
sirviéndoles
sitiando
sitiarla
sitiaron
sitió
siéndolo
sobresale
sobresalen
sobresaliendo
sobresalientes
socorrerlo
sogas
solicitan
solicitando
solido
sombreros
sondearla
soplan
sorprehendió
sorprendiendo
sortearon
sortijas
subdivide
subdividiendo
sublevaron
subsiste
subsisten
substituyen
substituyeron
substituyó
subterráneos
sucederle
sucedióle
sucedo
suenan
sufridos
sujetarla
sujetarlos
sujetó
sumergió
suntuosa
suntuosos
supersticiosos
suplen
suplió
suplía
suscitado
sólidas
tabardillos
taciturnos
tamarindos
tarda
tarántulas
tegumentos
tejen
teman
temblado
temibles
temida
tempera
temperamanto
temperamentos
tempestades
templada
templadas
templados
temples
tenias
tensores
tentaciones
tentativa
tepexilote
tercias
teritorio
termales
termino
texados
texen
texer
texidos
tiburones
tierna
tiestas
tinajas
tintes
tiradas
tirantes
tirándose
titularon
titulo
tiñe
tiñen
tocados
tocarse
tocatas
tocándola
tocándolas
tomándola
tomándolas
toneletes
topacios
topos
tordos
tornos
toronjas
tortas
tortillas
toscos
trabajadas
trabajarlas
trabajarse
trabaje
traerla
traerlas
trafico
tragarla
trancan
transferido
transfirió
transitan
transplantando
transportarlos
transportó
trapiches
trasladada
trasladarla
trasladase
trasplantaron
trastornó
tratantes
traxo
traxéron
traydora
traydores
trazadas
triangulo
tribus
tributan
tributos
trios
trofeos
truchas
truenos
truncada
tubiéron
tucuyo
tuercen
tupida
tupidos
turbaciones
turbias
tygres
tíos
tórtolas
ultima
ultimo
ultramarinas
unia
unieron
uniéndose
untaban
untan
untándole
utensilios
utilidades
vaciaba
vadearse
vagantes
vagas
vagos
valerosa
valerosas
valieran
vandurrias
varia
variando
vasijas
vaynilla
vecindades
vendarlo
vendidos
venenos
veneraba
venerada
vengaron
vengativos
ventajo
vergonzosa
vergonzosos
verificarse
verificó
vermellon
versículos
vestigios
vestuarios
viciosa
vicuñas
vidrios
vieres
vigas
vigia
vigilando
vigías
vinas
vinculo
violemos
violentado
violentas
viren
viscachas
visitarlo
viudas
vivan
vivoras
vizcachas
vizcochos
vomita
vomitaba
vomitó
votan
véanse
víage
vívora
xabon
xicaras
yace
yelan
yerva
yucales
yucas
yéndoles
zapotes
zorrillos
ágiles
águilas
árida
áridas
áridos
ébanos
íbera
ídolos
íixa
ítsmo
útilísima
